Archive member included because of file (symbol)

d:/applications/keyboard/avr-gcc-4.7.2-mingw32/bin/../lib/gcc/avr/4.7.2/../../../../avr/lib/avr5\libm.a(fixsfsi.o)
                              obj_satan/common/mousekey.o (__fixsfsi)
d:/applications/keyboard/avr-gcc-4.7.2-mingw32/bin/../lib/gcc/avr/4.7.2/../../../../avr/lib/avr5\libm.a(fixunssfsi.o)
                              d:/applications/keyboard/avr-gcc-4.7.2-mingw32/bin/../lib/gcc/avr/4.7.2/../../../../avr/lib/avr5\libm.a(fixsfsi.o) (__fixunssfsi)
d:/applications/keyboard/avr-gcc-4.7.2-mingw32/bin/../lib/gcc/avr/4.7.2/../../../../avr/lib/avr5\libm.a(floatsisf.o)
                              obj_satan/common/mousekey.o (__floatsisf)
d:/applications/keyboard/avr-gcc-4.7.2-mingw32/bin/../lib/gcc/avr/4.7.2/../../../../avr/lib/avr5\libm.a(fp_split3.o)
                              d:/applications/keyboard/avr-gcc-4.7.2-mingw32/bin/../lib/gcc/avr/4.7.2/../../../../avr/lib/avr5\libm.a(fixunssfsi.o) (__fp_splitA)
d:/applications/keyboard/avr-gcc-4.7.2-mingw32/bin/../lib/gcc/avr/4.7.2/../../../../avr/lib/avr5\libm.a(fp_zero.o)
                              d:/applications/keyboard/avr-gcc-4.7.2-mingw32/bin/../lib/gcc/avr/4.7.2/../../../../avr/lib/avr5\libm.a(fixunssfsi.o) (__fp_zero)
d:/applications/keyboard/avr-gcc-4.7.2-mingw32/bin/../lib/gcc/avr/4.7.2/../../../../avr/lib/avr5\libm.a(mulsf3.o)
                              obj_satan/common/mousekey.o (__mulsf3)
d:/applications/keyboard/avr-gcc-4.7.2-mingw32/bin/../lib/gcc/avr/4.7.2/../../../../avr/lib/avr5\libm.a(mulsf3x.o)
                              d:/applications/keyboard/avr-gcc-4.7.2-mingw32/bin/../lib/gcc/avr/4.7.2/../../../../avr/lib/avr5\libm.a(mulsf3.o) (__mulsf3x)
d:/applications/keyboard/avr-gcc-4.7.2-mingw32/bin/../lib/gcc/avr/4.7.2/../../../../avr/lib/avr5\libm.a(fp_inf.o)
                              d:/applications/keyboard/avr-gcc-4.7.2-mingw32/bin/../lib/gcc/avr/4.7.2/../../../../avr/lib/avr5\libm.a(mulsf3x.o) (__fp_inf)
d:/applications/keyboard/avr-gcc-4.7.2-mingw32/bin/../lib/gcc/avr/4.7.2/../../../../avr/lib/avr5\libm.a(fp_nan.o)
                              d:/applications/keyboard/avr-gcc-4.7.2-mingw32/bin/../lib/gcc/avr/4.7.2/../../../../avr/lib/avr5\libm.a(mulsf3x.o) (__fp_nan)
d:/applications/keyboard/avr-gcc-4.7.2-mingw32/bin/../lib/gcc/avr/4.7.2/../../../../avr/lib/avr5\libm.a(fp_pscA.o)
                              d:/applications/keyboard/avr-gcc-4.7.2-mingw32/bin/../lib/gcc/avr/4.7.2/../../../../avr/lib/avr5\libm.a(mulsf3x.o) (__fp_pscA)
d:/applications/keyboard/avr-gcc-4.7.2-mingw32/bin/../lib/gcc/avr/4.7.2/../../../../avr/lib/avr5\libm.a(fp_pscB.o)
                              d:/applications/keyboard/avr-gcc-4.7.2-mingw32/bin/../lib/gcc/avr/4.7.2/../../../../avr/lib/avr5\libm.a(mulsf3x.o) (__fp_pscB)
d:/applications/keyboard/avr-gcc-4.7.2-mingw32/bin/../lib/gcc/avr/4.7.2/../../../../avr/lib/avr5\libm.a(fp_round.o)
                              d:/applications/keyboard/avr-gcc-4.7.2-mingw32/bin/../lib/gcc/avr/4.7.2/../../../../avr/lib/avr5\libm.a(mulsf3.o) (__fp_round)
d:/applications/keyboard/avr-gcc-4.7.2-mingw32/bin/../lib/gcc/avr/4.7.2/avr5\libgcc.a(_udivmodqi4.o)
                              obj_satan/protocol/lufa/lufa.o (__udivmodqi4)
d:/applications/keyboard/avr-gcc-4.7.2-mingw32/bin/../lib/gcc/avr/4.7.2/avr5\libgcc.a(_udivmodhi4.o)
                              obj_satan/rgblight.o (__udivmodhi4)
d:/applications/keyboard/avr-gcc-4.7.2-mingw32/bin/../lib/gcc/avr/4.7.2/avr5\libgcc.a(_divmodhi4.o)
                              obj_satan/rgblight.o (__divmodhi4)
d:/applications/keyboard/avr-gcc-4.7.2-mingw32/bin/../lib/gcc/avr/4.7.2/avr5\libgcc.a(_exit.o)
                              d:/applications/keyboard/avr-gcc-4.7.2-mingw32/bin/../lib/gcc/avr/4.7.2/../../../../avr/lib/avr5/crtm32u4.o (exit)
d:/applications/keyboard/avr-gcc-4.7.2-mingw32/bin/../lib/gcc/avr/4.7.2/avr5\libgcc.a(_copy_data.o)
                              obj_satan/backlight.o (__do_copy_data)
d:/applications/keyboard/avr-gcc-4.7.2-mingw32/bin/../lib/gcc/avr/4.7.2/avr5\libgcc.a(_clear_bss.o)
                              obj_satan/keymaps/keymap_tiny.o (__do_clear_bss)
d:/applications/keyboard/avr-gcc-4.7.2-mingw32/bin/../lib/gcc/avr/4.7.2/../../../../avr/lib/avr5\libc.a(eerd_byte_atmega32u4.o)
                              obj_satan/protocol/lufa/LUFA-git/LUFA/Drivers/USB/Core/AVR8/EndpointStream_AVR8.o (__eerd_byte_m32u4)
d:/applications/keyboard/avr-gcc-4.7.2-mingw32/bin/../lib/gcc/avr/4.7.2/../../../../avr/lib/avr5\libc.a(eerd_dword_atmega32u4.o)
                              obj_satan/rgblight.o (__eerd_dword_m32u4)
d:/applications/keyboard/avr-gcc-4.7.2-mingw32/bin/../lib/gcc/avr/4.7.2/../../../../avr/lib/avr5\libc.a(eerd_word_atmega32u4.o)
                              obj_satan/common/avr/eeconfig.o (__eerd_word_m32u4)
d:/applications/keyboard/avr-gcc-4.7.2-mingw32/bin/../lib/gcc/avr/4.7.2/../../../../avr/lib/avr5\libc.a(eeupd_byte_atmega32u4.o)
[...]
Memory Configuration

Name             Origin             Length             Attributes
text             0x00000000         0x00020000         xr
data             0x00800060         0x0000ffa0         rw !x
eeprom           0x00810000         0x00010000         rw !x
fuse             0x00820000         0x00000400         rw !x
lock             0x00830000         0x00000400         rw !x
signature        0x00840000         0x00000400         rw !x
*default*        0x00000000         0xffffffff

Linker script and memory map

Address of section .data set to 0x800100
LOAD d:/applications/keyboard/avr-gcc-4.7.2-mingw32/bin/../lib/gcc/avr/4.7.2/../../../../avr/lib/avr5/crtm32u4.o
LOAD obj_satan/keymaps/keymap_tiny.o
LOAD obj_satan/satan.o
LOAD obj_satan/led.o
LOAD obj_satan/backlight.o
LOAD obj_satan/light_ws2812.o
LOAD obj_satan/rgblight.o
LOAD obj_satan/quantum/keymap_common.o
LOAD obj_satan/quantum/matrix.o
LOAD obj_satan/protocol/lufa/lufa.o
LOAD obj_satan/protocol/lufa/descriptor.o
LOAD obj_satan/protocol/lufa/LUFA-git/LUFA/Drivers/USB/Class/Common/HIDParser.o
LOAD obj_satan/protocol/lufa/LUFA-git/LUFA/Drivers/USB/Core/AVR8/Device_AVR8.o
LOAD obj_satan/protocol/lufa/LUFA-git/LUFA/Drivers/USB/Core/AVR8/EndpointStream_AVR8.o
LOAD obj_satan/protocol/lufa/LUFA-git/LUFA/Drivers/USB/Core/AVR8/Endpoint_AVR8.o
LOAD obj_satan/protocol/lufa/LUFA-git/LUFA/Drivers/USB/Core/AVR8/Host_AVR8.o
LOAD obj_satan/protocol/lufa/LUFA-git/LUFA/Drivers/USB/Core/AVR8/PipeStream_AVR8.o
LOAD obj_satan/protocol/lufa/LUFA-git/LUFA/Drivers/USB/Core/AVR8/Pipe_AVR8.o
LOAD obj_satan/protocol/lufa/LUFA-git/LUFA/Drivers/USB/Core/AVR8/USBController_AVR8.o
LOAD obj_satan/protocol/lufa/LUFA-git/LUFA/Drivers/USB/Core/AVR8/USBInterrupt_AVR8.o
LOAD obj_satan/protocol/lufa/LUFA-git/LUFA/Drivers/USB/Core/ConfigDescriptors.o
LOAD obj_satan/protocol/lufa/LUFA-git/LUFA/Drivers/USB/Core/DeviceStandardReq.o
LOAD obj_satan/protocol/lufa/LUFA-git/LUFA/Drivers/USB/Core/Events.o
LOAD obj_satan/protocol/lufa/LUFA-git/LUFA/Drivers/USB/Core/HostStandardReq.o
LOAD obj_satan/protocol/lufa/LUFA-git/LUFA/Drivers/USB/Core/USBTask.o
LOAD obj_satan/common/host.o
LOAD obj_satan/common/keyboard.o
LOAD obj_satan/common/action.o
LOAD obj_satan/common/action_tapping.o
LOAD obj_satan/common/action_macro.o
LOAD obj_satan/common/action_layer.o
LOAD obj_satan/common/action_util.o
LOAD obj_satan/common/keymap.o
LOAD obj_satan/common/print.o
LOAD obj_satan/common/debug.o
LOAD obj_satan/common/util.o
LOAD obj_satan/common/avr/suspend.o
LOAD obj_satan/common/avr/xprintf.o
LOAD obj_satan/common/avr/timer.o
LOAD obj_satan/common/avr/bootloader.o
LOAD obj_satan/common/bootmagic.o
LOAD obj_satan/common/avr/eeconfig.o
LOAD obj_satan/common/mousekey.o
LOAD obj_satan/common/command.o
LOAD obj_satan/common/backlight.o
LOAD d:/applications/keyboard/avr-gcc-4.7.2-mingw32/bin/../lib/gcc/avr/4.7.2/../../../../avr/lib/avr5\libm.a
START GROUP
LOAD d:/applications/keyboard/avr-gcc-4.7.2-mingw32/bin/../lib/gcc/avr/4.7.2/avr5\libgcc.a
LOAD d:/applications/keyboard/avr-gcc-4.7.2-mingw32/bin/../lib/gcc/avr/4.7.2/../../../../avr/lib/avr5\libm.a
LOAD d:/applications/keyboard/avr-gcc-4.7.2-mingw32/bin/../lib/gcc/avr/4.7.2/../../../../avr/lib/avr5\libc.a
END GROUP

.hash
 *(.hash)

.dynsym
 *(.dynsym)

.dynstr
 *(.dynstr)

.gnu.version
 *(.gnu.version)

.gnu.version_d
 *(.gnu.version_d)

.gnu.version_r
 *(.gnu.version_r)

.rel.init
 *(.rel.init)

.rela.init
 *(.rela.init)

.rel.text
 *(.rel.text)
 *(.rel.text.*)
 *(.rel.gnu.linkonce.t*)

.rela.text
 *(.rela.text)
 *(.rela.text.*)
 *(.rela.gnu.linkonce.t*)

.rel.fini
 *(.rel.fini)

.rela.fini
 *(.rela.fini)

.rel.rodata
 *(.rel.rodata)
 *(.rel.rodata.*)
 *(.rel.gnu.linkonce.r*)

.rela.rodata
 *(.rela.rodata)
 *(.rela.rodata.*)
 *(.rela.gnu.linkonce.r*)

.rel.data
 *(.rel.data)
 *(.rel.data.*)
 *(.rel.gnu.linkonce.d*)

.rela.data
 *(.rela.data)
 *(.rela.data.*)
 *(.rela.gnu.linkonce.d*)

.rel.ctors
 *(.rel.ctors)

.rela.ctors
 *(.rela.ctors)

.rel.dtors
 *(.rel.dtors)

.rela.dtors
 *(.rela.dtors)

.rel.got
 *(.rel.got)

.rela.got
 *(.rela.got)

.rel.bss
 *(.rel.bss)

.rela.bss
 *(.rela.bss)

.rel.plt
 *(.rel.plt)

.rela.plt
 *(.rela.plt)

.text           0x00000000     0x5bd2
 *(.vectors)
 .vectors       0x00000000       0xac d:/applications/keyboard/avr-gcc-4.7.2-mingw32/bin/../lib/gcc/avr/4.7.2/../../../../avr/lib/avr5/crtm32u4.o
                0x00000000                __vector_default
                0x00000000                __vectors
 *(.vectors)
 *(.progmem.gcc*)
 *(.progmem*)
 .progmem.data.fn_actions
                0x000000ac       0x1a obj_satan/keymaps/keymap_tiny.o
                0x000000ac                fn_actions
 .progmem.data.keymaps
                0x000000c6      0x230 obj_satan/keymaps/keymap_tiny.o
                0x000000c6                keymaps
 .progmem.data.__m.4692
                0x000002f6       0x45 obj_satan/keymaps/keymap_tiny.o
 .progmem.data.__m.4694
                0x0000033b        0x1 obj_satan/keymaps/keymap_tiny.o
 .progmem.data.breathing_table
                0x0000033c      0x100 obj_satan/backlight.o
 .progmem.data.RGBLED_KNIGHT_INTERVALS
                0x0000043c        0x3 obj_satan/rgblight.o
                0x0000043c                RGBLED_KNIGHT_INTERVALS
 .progmem.data.RGBLED_SNAKE_INTERVALS
                0x0000043f        0x3 obj_satan/rgblight.o
                0x0000043f                RGBLED_SNAKE_INTERVALS
 .progmem.data.RGBLED_RAINBOW_MOOD_INTERVALS
                0x00000442        0x3 obj_satan/rgblight.o
                0x00000442                RGBLED_RAINBOW_MOOD_INTERVALS
 .progmem.data.RGBLED_BREATHING_INTERVALS
                0x00000445        0x4 obj_satan/rgblight.o
                0x00000445                RGBLED_BREATHING_INTERVALS
 .progmem.data.RGBLED_BREATHING_TABLE
                0x00000449      0x100 obj_satan/rgblight.o
                0x00000449                RGBLED_BREATHING_TABLE
 .progmem.data.DIM_CURVE
                0x00000549      0x100 obj_satan/rgblight.o
                0x00000549                DIM_CURVE
 .progmem.data.ProductString
                0x00000649       0x1c obj_satan/protocol/lufa/descriptor.o
                0x00000649                ProductString
 .progmem.data.ManufacturerString
                0x00000665        0xe obj_satan/protocol/lufa/descriptor.o
                0x00000665                ManufacturerString
 .progmem.data.LanguageString
                0x00000673        0x4 obj_satan/protocol/lufa/descriptor.o
                0x00000673                LanguageString
 .progmem.data.ConfigurationDescriptor
                0x00000677       0x8d obj_satan/protocol/lufa/descriptor.o
                0x00000677                ConfigurationDescriptor
 .progmem.data.DeviceDescriptor
                0x00000704       0x12 obj_satan/protocol/lufa/descriptor.o
                0x00000704                DeviceDescriptor
 .progmem.data.NKROReport
                0x00000716       0x39 obj_satan/protocol/lufa/descriptor.o
                0x00000716                NKROReport
 .progmem.data.ConsoleReport
                0x0000074f       0x20 obj_satan/protocol/lufa/descriptor.o
                0x0000074f                ConsoleReport
 .progmem.data.ExtrakeyReport
                0x0000076f       0x36 obj_satan/protocol/lufa/descriptor.o
                0x0000076f                ExtrakeyReport
 .progmem.data.MouseReport
                0x000007a5       0x4d obj_satan/protocol/lufa/descriptor.o
                0x000007a5                MouseReport
 .progmem.data.KeyboardReport
                0x000007f2       0x3f obj_satan/protocol/lufa/descriptor.o
                0x000007f2                KeyboardReport
                0x00000832                . = ALIGN (0x2)
 *fill*         0x00000831        0x1 
                0x00000832                __trampolines_start = .
 *(.trampolines)
 .trampolines   0x00000832        0x0 linker stubs
 *(.trampolines*)
                0x00000832                __trampolines_end = .
 *(.jumptables)
 *(.jumptables*)
 *(.lowtext)
 *(.lowtext*)
                0x00000832                __ctors_start = .
 *(.ctors)
                0x00000832                __ctors_end = .
                0x00000832                __dtors_start = .
 *(.dtors)
                0x00000832                __dtors_end = .
 SORT(*)(.ctors)
 SORT(*)(.dtors)
 *(.init0)
 .init0         0x00000832        0x0 d:/applications/keyboard/avr-gcc-4.7.2-mingw32/bin/../lib/gcc/avr/4.7.2/../../../../avr/lib/avr5/crtm32u4.o
                0x00000832                __init
 *(.init0)
 *(.init1)
 *(.init1)
 *(.init2)
 .init2         0x00000832        0xc d:/applications/keyboard/avr-gcc-4.7.2-mingw32/bin/../lib/gcc/avr/4.7.2/../../../../avr/lib/avr5/crtm32u4.o
 *(.init2)
 *(.init3)
 .init3         0x0000083e       0x4e obj_satan/common/avr/bootloader.o
                0x0000083e                bootloader_jump_after_watchdog_reset
 *(.init3)
 *(.init4)
 .init4         0x0000088c       0x16 d:/applications/keyboard/avr-gcc-4.7.2-mingw32/bin/../lib/gcc/avr/4.7.2/avr5\libgcc.a(_copy_data.o)
                0x0000088c                __do_copy_data
 .init4         0x000008a2       0x10 d:/applications/keyboard/avr-gcc-4.7.2-mingw32/bin/../lib/gcc/avr/4.7.2/avr5\libgcc.a(_clear_bss.o)
                0x000008a2                __do_clear_bss
 *(.init4)
 *(.init5)
 *(.init5)
 *(.init6)
 *(.init6)
 *(.init7)
 *(.init7)
 *(.init8)
 *(.init8)
 *(.init9)
 .init9         0x000008b2        0x8 d:/applications/keyboard/avr-gcc-4.7.2-mingw32/bin/../lib/gcc/avr/4.7.2/../../../../avr/lib/avr5/crtm32u4.o
 *(.init9)
 *(.text)
 .text          0x000008ba        0x4 d:/applications/keyboard/avr-gcc-4.7.2-mingw32/bin/../lib/gcc/avr/4.7.2/../../../../avr/lib/avr5/crtm32u4.o
                0x000008ba                __vector_38
                0x000008ba                __vector_22
                0x000008ba                __vector_28
                0x000008ba                __vector_1
                0x000008ba                __vector_34
                0x000008ba                __vector_24
                0x000008ba                __bad_interrupt
                0x000008ba                __vector_6
                0x000008ba                __vector_31
                0x000008ba                __vector_35
                0x000008ba                __vector_39
                0x000008ba                __vector_3
                0x000008ba                __vector_23
                0x000008ba                __vector_30
                0x000008ba                __vector_25
                0x000008ba                __vector_13
                0x000008ba                __vector_19
                0x000008ba                __vector_7
                0x000008ba                __vector_41
                0x000008ba                __vector_27
                0x000008ba                __vector_5
                0x000008ba                __vector_33
                0x000008ba                __vector_37
                0x000008ba                __vector_4
                0x000008ba                __vector_9
                0x000008ba                __vector_2
                0x000008ba                __vector_15
                0x000008ba                __vector_36
                0x000008ba                __vector_29
                0x000008ba                __vector_40
                0x000008ba                __vector_8
                0x000008ba                __vector_26
                0x000008ba                __vector_14
                0x000008ba                __vector_16
                0x000008ba                __vector_18
                0x000008ba                __vector_20
                0x000008ba                __vector_42
                0x000008be                . = ALIGN (0x2)
 *(.text.*)
 .text.action_function
                0x000008be      0x10a obj_satan/keymaps/keymap_tiny.o
                0x000008be                action_function
 .text.action_get_macro
                0x000009c8       0x20 obj_satan/keymaps/keymap_tiny.o
                0x000009c8                action_get_macro
 .text.matrix_init_user
                0x000009e8        0x2 obj_satan/satan.o
                0x000009e8                matrix_init_user
 .text.matrix_scan_user
                0x000009ea        0x2 obj_satan/satan.o
                0x000009ea                matrix_scan_user
 .text.matrix_init_kb
                0x000009ec       0x16 obj_satan/satan.o
                0x000009ec                matrix_init_kb
 .text.matrix_scan_kb
                0x00000a02        0xe obj_satan/satan.o
                0x00000a02                matrix_scan_kb
 .text.led_set  0x00000a10        0xe obj_satan/led.o
                0x00000a10                led_set
 .text.pwm_led_init
                0x00000a1e       0x36 obj_satan/backlight.o
                0x00000a1e                pwm_led_init
 .text.open_led
                0x00000a54        0x4 obj_satan/backlight.o
                0x00000a54                open_led
 .text.close_led
                0x00000a58        0x4 obj_satan/backlight.o
                0x00000a58                close_led
 .text.pwm_led_enable
                0x00000a5c        0xc obj_satan/backlight.o
                0x00000a5c                pwm_led_enable
 .text.pwm_led_disable
                0x00000a68        0xc obj_satan/backlight.o
                0x00000a68                pwm_led_disable
 .text.backlight_set
                0x00000a74       0x14 obj_satan/backlight.o
                0x00000a74                backlight_set
 .text.tick     0x00000a88       0x4e obj_satan/backlight.o
                0x00000a88                tick
 .text.__vector_17
                0x00000ad6       0x72 obj_satan/backlight.o
                0x00000ad6                __vector_17
 .text.ws2812_sendarray_mask
                0x00000b48       0x44 obj_satan/light_ws2812.o
                0x00000b48                ws2812_sendarray_mask
 .text.ws2812_setleds_pin
                0x00000b8c       0x24 obj_satan/light_ws2812.o
                0x00000b8c                ws2812_setleds_pin
 .text.ws2812_setleds
                0x00000bb0        0x6 obj_satan/light_ws2812.o
                0x00000bb0                ws2812_setleds
 .text.setrgb   0x00000bb6        0xa obj_satan/rgblight.o
                0x00000bb6                setrgb
 .text.sethsv   0x00000bc0      0x196 obj_satan/rgblight.o
                0x00000bc0                sethsv
 .text.eeconfig_read_rgblight
                0x00000d56        0x8 obj_satan/rgblight.o
                0x00000d56                eeconfig_read_rgblight
 .text.eeconfig_write_rgblight
                0x00000d5e        0xc obj_satan/rgblight.o
                0x00000d5e                eeconfig_write_rgblight
 .text.eeconfig_write_rgblight_default
                0x00000d6a       0x32 obj_satan/rgblight.o
                0x00000d6a                eeconfig_write_rgblight_default
 .text.rgblight_set
                0x00000d9c       0x32 obj_satan/rgblight.o
                0x00000d9c                rgblight_set
 .text.rgblight_setrgb
                0x00000dce       0x20 obj_satan/rgblight.o
                0x00000dce                rgblight_setrgb
 .text.rgblight_sethsv_noeeprom
                0x00000dee       0x9c obj_satan/rgblight.o
                0x00000dee                rgblight_sethsv_noeeprom
 .text.rgblight_sethsv
                0x00000e8a       0xaa obj_satan/rgblight.o
                0x00000e8a                rgblight_sethsv
 .text.rgblight_decrease_val
                0x00000f34       0x34 obj_satan/rgblight.o
                0x00000f34                rgblight_decrease_val
 .text.rgblight_increase_val
                0x00000f68       0x36 obj_satan/rgblight.o
                0x00000f68                rgblight_increase_val
 .text.rgblight_decrease_sat
                0x00000f9e       0x34 obj_satan/rgblight.o
                0x00000f9e                rgblight_decrease_sat
 .text.rgblight_increase_sat
                0x00000fd2       0x36 obj_satan/rgblight.o
                0x00000fd2                rgblight_increase_sat
 .text.rgblight_decrease_hue
                0x00001008       0x3e obj_satan/rgblight.o
                0x00001008                rgblight_decrease_hue
 .text.rgblight_increase_hue
                0x00001046       0x32 obj_satan/rgblight.o
                0x00001046                rgblight_increase_hue
 .text.rgblight_timer_init
                0x00001078       0x28 obj_satan/rgblight.o
                0x00001078                rgblight_timer_init
 .text.rgblight_timer_enable
                0x000010a0        0xc obj_satan/rgblight.o
                0x000010a0                rgblight_timer_enable
 .text.rgblight_timer_disable
                0x000010ac        0xc obj_satan/rgblight.o
                0x000010ac                rgblight_timer_disable
 .text.rgblight_mode
                0x000010b8       0x84 obj_satan/rgblight.o
                0x000010b8                rgblight_mode
 .text.rgblight_step
                0x0000113c       0x14 obj_satan/rgblight.o
                0x0000113c                rgblight_step
 .text.rgblight_pre
                0x00001150        0xe obj_satan/rgblight.o
                0x00001150                rgblight_pre
 .text.rgblight_init
                0x0000115e       0x66 obj_satan/rgblight.o
                0x0000115e                rgblight_init
 .text.rgblight_toggle
                0x000011c4       0x4e obj_satan/rgblight.o
                0x000011c4                rgblight_toggle
 .text.rgblight_effect_breathing
                0x00001212       0x6a obj_satan/rgblight.o
                0x00001212                rgblight_effect_breathing
 .text.rgblight_effect_rainbow_mood
                0x0000127c       0x60 obj_satan/rgblight.o
                0x0000127c                rgblight_effect_rainbow_mood
 .text.rgblight_effect_rainbow_swirl
                0x000012dc       0xc8 obj_satan/rgblight.o
                0x000012dc                rgblight_effect_rainbow_swirl
 .text.rgblight_effect_snake
                0x000013a4      0x136 obj_satan/rgblight.o
                0x000013a4                rgblight_effect_snake
 .text.rgblight_effect_knight
                0x000014da      0x198 obj_satan/rgblight.o
                0x000014da                rgblight_effect_knight
 .text.__vector_32
                0x00001672       0xa4 obj_satan/rgblight.o
                0x00001672                __vector_32
 .text.keycode_to_action
                0x00001716      0x188 obj_satan/quantum/keymap_common.o
 .text.keymap_key_to_keycode
                0x0000189e       0x26 obj_satan/quantum/keymap_common.o
                0x0000189e                keymap_key_to_keycode
 .text.keymap_fn_to_action
                0x000018c4       0x12 obj_satan/quantum/keymap_common.o
                0x000018c4                keymap_fn_to_action
 .text.keymap_func_to_action
                0x000018d6       0x12 obj_satan/quantum/keymap_common.o
                0x000018d6                keymap_func_to_action
 .text.action_for_key
                0x000018e8      0x2d0 obj_satan/quantum/keymap_common.o
                0x000018e8                action_for_key
 .text.unselect_rows
                0x00001bb8      0x18a obj_satan/quantum/matrix.o
 .text.matrix_init
                0x00001d42      0x220 obj_satan/quantum/matrix.o
                0x00001d42                matrix_init
 .text.matrix_scan
                0x00001f62      0x2a8 obj_satan/quantum/matrix.o
                0x00001f62                matrix_scan
 .text.matrix_get_row
                0x0000220a       0x12 obj_satan/quantum/matrix.o
                0x0000220a                matrix_get_row
 .text.matrix_print
                0x0000221c        0x2 obj_satan/quantum/matrix.o
                0x0000221c                matrix_print
 .text.keyboard_leds
                0x0000221e        0x6 obj_satan/protocol/lufa/lufa.o
 .text.send_consumer
                0x00002224       0x68 obj_satan/protocol/lufa/lufa.o
 .text.send_system
                0x0000228c       0x6a obj_satan/protocol/lufa/lufa.o
 .text.send_mouse
                0x000022f6       0x48 obj_satan/protocol/lufa/lufa.o
 .text.send_keyboard
                0x0000233e       0xa8 obj_satan/protocol/lufa/lufa.o
 .text.EVENT_USB_Device_Connect
                0x000023e6       0x1c obj_satan/protocol/lufa/lufa.o
                0x000023e6                EVENT_USB_Device_Connect
 .text.EVENT_USB_Device_Disconnect
                0x00002402        0x6 obj_satan/protocol/lufa/lufa.o
                0x00002402                EVENT_USB_Device_Disconnect
 .text.EVENT_USB_Device_Reset
                0x00002408        0x2 obj_satan/protocol/lufa/lufa.o
                0x00002408                EVENT_USB_Device_Reset
 .text.EVENT_USB_Device_Suspend
                0x0000240a        0x2 obj_satan/protocol/lufa/lufa.o
                0x0000240a                EVENT_USB_Device_Suspend
 .text.EVENT_USB_Device_WakeUp
                0x0000240c        0x4 obj_satan/protocol/lufa/lufa.o
                0x0000240c                EVENT_USB_Device_WakeUp
 .text.EVENT_USB_Device_StartOfFrame
                0x00002410       0x80 obj_satan/protocol/lufa/lufa.o
                0x00002410                EVENT_USB_Device_StartOfFrame
 .text.EVENT_USB_Device_ConfigurationChanged
                0x00002490       0x32 obj_satan/protocol/lufa/lufa.o
                0x00002490                EVENT_USB_Device_ConfigurationChanged
 .text.EVENT_USB_Device_ControlRequest
                0x000024c2      0x166 obj_satan/protocol/lufa/lufa.o
                0x000024c2                EVENT_USB_Device_ControlRequest
 .text.startup.main
                0x00002628       0x76 obj_satan/protocol/lufa/lufa.o
                0x00002628                main
 .text.CALLBACK_USB_GetDescriptor
                0x0000269e       0xca obj_satan/protocol/lufa/descriptor.o
                0x0000269e                CALLBACK_USB_GetDescriptor
 .text.USB_Device_SendRemoteWakeup
                0x00002768       0x2c obj_satan/protocol/lufa/LUFA-git/LUFA/Drivers/USB/Core/AVR8/Device_AVR8.o
                0x00002768                USB_Device_SendRemoteWakeup
 .text.Endpoint_Write_Stream_LE
                0x00002794       0x9e obj_satan/protocol/lufa/LUFA-git/LUFA/Drivers/USB/Core/AVR8/EndpointStream_AVR8.o
                0x00002794                Endpoint_Write_Stream_LE
 .text.Endpoint_Write_Control_Stream_LE
                0x00002832       0xc6 obj_satan/protocol/lufa/LUFA-git/LUFA/Drivers/USB/Core/AVR8/EndpointStream_AVR8.o
                0x00002832                Endpoint_Write_Control_Stream_LE
 .text.Endpoint_Write_Control_PStream_LE
                0x000028f8       0xc8 obj_satan/protocol/lufa/LUFA-git/LUFA/Drivers/USB/Core/AVR8/EndpointStream_AVR8.o
                0x000028f8                Endpoint_Write_Control_PStream_LE
 .text.Endpoint_ConfigureEndpoint_Prv
                0x000029c0       0x6e obj_satan/protocol/lufa/LUFA-git/LUFA/Drivers/USB/Core/AVR8/Endpoint_AVR8.o
                0x000029c0                Endpoint_ConfigureEndpoint_Prv
 .text.Endpoint_ClearStatusStage
                0x00002a2e       0x42 obj_satan/protocol/lufa/LUFA-git/LUFA/Drivers/USB/Core/AVR8/Endpoint_AVR8.o
                0x00002a2e                Endpoint_ClearStatusStage
 .text.Endpoint_WaitUntilReady
                0x00002a70       0x64 obj_satan/protocol/lufa/LUFA-git/LUFA/Drivers/USB/Core/AVR8/Endpoint_AVR8.o
                0x00002a70                Endpoint_WaitUntilReady
 .text.USB_Disable
                0x00002ad4       0x34 obj_satan/protocol/lufa/LUFA-git/LUFA/Drivers/USB/Core/AVR8/USBController_AVR8.o
                0x00002ad4                USB_Disable
 .text.USB_ResetInterface
                0x00002b08       0x86 obj_satan/protocol/lufa/LUFA-git/LUFA/Drivers/USB/Core/AVR8/USBController_AVR8.o
                0x00002b08                USB_ResetInterface
 .text.USB_Init
                0x00002b8e       0x22 obj_satan/protocol/lufa/LUFA-git/LUFA/Drivers/USB/Core/AVR8/USBController_AVR8.o
                0x00002b8e                USB_Init
 .text.USB_INT_DisableAllInterrupts
                0x00002bb0       0x10 obj_satan/protocol/lufa/LUFA-git/LUFA/Drivers/USB/Core/AVR8/USBInterrupt_AVR8.o
                0x00002bb0                USB_INT_DisableAllInterrupts
 .text.USB_INT_ClearAllInterrupts
                0x00002bc0        0xa obj_satan/protocol/lufa/LUFA-git/LUFA/Drivers/USB/Core/AVR8/USBInterrupt_AVR8.o
                0x00002bc0                USB_INT_ClearAllInterrupts
 .text.__vector_10
                0x00002bca      0x1a4 obj_satan/protocol/lufa/LUFA-git/LUFA/Drivers/USB/Core/AVR8/USBInterrupt_AVR8.o
                0x00002bca                __vector_10
 .text.__vector_11
                0x00002d6e       0x88 obj_satan/protocol/lufa/LUFA-git/LUFA/Drivers/USB/Core/AVR8/USBInterrupt_AVR8.o
                0x00002d6e                __vector_11
 .text.USB_Device_ProcessControlRequest
                0x00002df6      0x2d2 obj_satan/protocol/lufa/LUFA-git/LUFA/Drivers/USB/Core/DeviceStandardReq.o
                0x00002df6                USB_Device_ProcessControlRequest
 .text.USB_USBTask
                0x000030c8       0x3a obj_satan/protocol/lufa/LUFA-git/LUFA/Drivers/USB/Core/USBTask.o
                0x000030c8                USB_USBTask
 .text.host_set_driver
                0x00003102        0xa obj_satan/common/host.o
                0x00003102                host_set_driver
 .text.host_keyboard_leds
                0x0000310c       0x18 obj_satan/common/host.o
                0x0000310c                host_keyboard_leds
 .text.host_keyboard_send
                0x00003124       0x16 obj_satan/common/host.o
                0x00003124                host_keyboard_send
 .text.host_mouse_send
                0x0000313a       0x16 obj_satan/common/host.o
                0x0000313a                host_mouse_send
 .text.host_system_send
                0x00003150       0x2c obj_satan/common/host.o
                0x00003150                host_system_send
 .text.host_consumer_send
                0x0000317c       0x2c obj_satan/common/host.o
                0x0000317c                host_consumer_send
 .text.matrix_setup
                0x000031a8        0x2 obj_satan/common/keyboard.o
                0x000031a8                matrix_setup
 .text.keyboard_setup
                0x000031aa        0x4 obj_satan/common/keyboard.o
                0x000031aa                keyboard_setup
 .text.keyboard_init
                0x000031ae       0x10 obj_satan/common/keyboard.o
                0x000031ae                keyboard_init
 .text.keyboard_set_leds
                0x000031be        0x4 obj_satan/common/keyboard.o
                0x000031be                keyboard_set_leds
 .text.keyboard_task
                0x000031c2      0x172 obj_satan/common/keyboard.o
                0x000031c2                keyboard_task
 .text.action_exec
                0x00003334       0x5c obj_satan/common/action.o
                0x00003334                action_exec
 .text.register_code
                0x00003390      0x190 obj_satan/common/action.o
                0x00003390                register_code
 .text.unregister_code
                0x00003520       0xa2 obj_satan/common/action.o
                0x00003520                unregister_code
 .text.register_mods
                0x000035c2        0xe obj_satan/common/action.o
                0x000035c2                register_mods
 .text.unregister_mods
                0x000035d0        0xe obj_satan/common/action.o
                0x000035d0                unregister_mods
 .text.process_action
                0x000035de      0x76c obj_satan/common/action.o
                0x000035de                process_action
 .text.clear_keyboard_but_mods
                0x00003d4a       0x24 obj_satan/common/action.o
                0x00003d4a                clear_keyboard_but_mods
 .text.clear_keyboard
                0x00003d6e        0x8 obj_satan/common/action.o
                0x00003d6e                clear_keyboard
 .text.is_tap_key
                0x00003d76       0x4a obj_satan/common/action.o
                0x00003d76                is_tap_key
 .text.debug_event
                0x00003dc0       0x1e obj_satan/common/action.o
                0x00003dc0                debug_event
 .text.debug_record
                0x00003dde       0x20 obj_satan/common/action.o
                0x00003dde                debug_record
 .text.debug_waiting_buffer
                0x00003dfe       0x42 obj_satan/common/action_tapping.o
 .text.debug_tapping_key
                0x00003e40       0x1c obj_satan/common/action_tapping.o
 .text.waiting_buffer_scan_tap
                0x00003e5c       0xf0 obj_satan/common/action_tapping.o
 .text.process_tapping
                0x00003f4c      0x3a0 obj_satan/common/action_tapping.o
 .text.action_tapping_process
                0x000042ec      0x16c obj_satan/common/action_tapping.o
                0x000042ec                action_tapping_process
 .text.action_macro_play
                0x00004458      0x102 obj_satan/common/action_macro.o
                0x00004458                action_macro_play
 .text.default_layer_state_set
                0x0000455a       0x14 obj_satan/common/action_layer.o
 .text.layer_state_set
                0x0000456e       0x14 obj_satan/common/action_layer.o
 .text.default_layer_debug
                0x00004582        0x2 obj_satan/common/action_layer.o
                0x00004582                default_layer_debug
 .text.default_layer_set
                0x00004584        0x4 obj_satan/common/action_layer.o
                0x00004584                default_layer_set
 .text.default_layer_or
                0x00004588       0x24 obj_satan/common/action_layer.o
                0x00004588                default_layer_or
 .text.default_layer_and
                0x000045ac       0x24 obj_satan/common/action_layer.o
                0x000045ac                default_layer_and
 .text.default_layer_xor
                0x000045d0       0x24 obj_satan/common/action_layer.o
                0x000045d0                default_layer_xor
 .text.layer_clear
                0x000045f4        0xa obj_satan/common/action_layer.o
                0x000045f4                layer_clear
 .text.layer_move
                0x000045fe       0x1e obj_satan/common/action_layer.o
                0x000045fe                layer_move
 .text.layer_on
                0x0000461c       0x36 obj_satan/common/action_layer.o
                0x0000461c                layer_on
 .text.layer_off
                0x00004652       0x3e obj_satan/common/action_layer.o
                0x00004652                layer_off
 .text.layer_invert
                0x00004690       0x36 obj_satan/common/action_layer.o
                0x00004690                layer_invert
 .text.layer_or
                0x000046c6       0x24 obj_satan/common/action_layer.o
                0x000046c6                layer_or
 .text.layer_and
                0x000046ea       0x24 obj_satan/common/action_layer.o
                0x000046ea                layer_and
 .text.layer_xor
                0x0000470e       0x24 obj_satan/common/action_layer.o
                0x0000470e                layer_xor
 .text.layer_debug
                0x00004732        0x2 obj_satan/common/action_layer.o
                0x00004732                layer_debug
 .text.layer_switch_get_action
                0x00004734       0x86 obj_satan/common/action_layer.o
                0x00004734                layer_switch_get_action
 .text.add_key  0x000047ba       0x82 obj_satan/common/action_util.o
                0x000047ba                add_key
 .text.del_key  0x0000483c       0x66 obj_satan/common/action_util.o
                0x0000483c                del_key
 .text.clear_keys
                0x000048a2       0x1c obj_satan/common/action_util.o
                0x000048a2                clear_keys
 .text.get_mods
                0x000048be        0x6 obj_satan/common/action_util.o
                0x000048be                get_mods
 .text.add_mods
                0x000048c4        0xc obj_satan/common/action_util.o
                0x000048c4                add_mods
 .text.del_mods
                0x000048d0        0xe obj_satan/common/action_util.o
                0x000048d0                del_mods
 .text.clear_mods
                0x000048de        0x6 obj_satan/common/action_util.o
                0x000048de                clear_mods
 .text.add_weak_mods
                0x000048e4        0xc obj_satan/common/action_util.o
                0x000048e4                add_weak_mods
 .text.del_weak_mods
                0x000048f0        0xe obj_satan/common/action_util.o
                0x000048f0                del_weak_mods
 .text.clear_weak_mods
                0x000048fe        0x6 obj_satan/common/action_util.o
                0x000048fe                clear_weak_mods
 .text.set_oneshot_mods
                0x00004904        0x6 obj_satan/common/action_util.o
                0x00004904                set_oneshot_mods
 .text.clear_oneshot_mods
                0x0000490a        0x6 obj_satan/common/action_util.o
                0x0000490a                clear_oneshot_mods
 .text.has_anykey
                0x00004910       0x26 obj_satan/common/action_util.o
                0x00004910                has_anykey
 .text.send_keyboard_report
                0x00004936       0x4c obj_satan/common/action_util.o
                0x00004936                send_keyboard_report
 .text.suspend_power_down
                0x00004982       0x4c obj_satan/common/avr/suspend.o
                0x00004982                suspend_power_down
 .text.matrix_power_up
                0x000049ce        0x2 obj_satan/common/avr/suspend.o
                0x000049ce                matrix_power_up
 .text.matrix_power_down
                0x000049d0        0x2 obj_satan/common/avr/suspend.o
                0x000049d0                matrix_power_down
 .text.suspend_wakeup_condition
                0x000049d2       0x2a obj_satan/common/avr/suspend.o
                0x000049d2                suspend_wakeup_condition
 .text.suspend_wakeup_init
                0x000049fc        0x8 obj_satan/common/avr/suspend.o
                0x000049fc                suspend_wakeup_init
 .text.__vector_12
                0x00004a04       0x52 obj_satan/common/avr/suspend.o
                0x00004a04                __vector_12
 .text.timer_init
                0x00004a56       0x12 obj_satan/common/avr/timer.o
                0x00004a56                timer_init
 .text.timer_read
                0x00004a68       0x1a obj_satan/common/avr/timer.o
                0x00004a68                timer_read
 .text.timer_elapsed
                0x00004a82       0x5c obj_satan/common/avr/timer.o
                0x00004a82                timer_elapsed
 .text.__vector_21
                0x00004ade       0x4a obj_satan/common/avr/timer.o
                0x00004ade                __vector_21
 .text.bootloader_jump
                0x00004b28       0x46 obj_satan/common/avr/bootloader.o
                0x00004b28                bootloader_jump
 .text.scan_keycode
                0x00004b6e       0x74 obj_satan/common/bootmagic.o
 .text.bootmagic_scan_keycode
                0x00004be2       0x1c obj_satan/common/bootmagic.o
                0x00004be2                bootmagic_scan_keycode
 .text.bootmagic
                0x00004bfe      0x256 obj_satan/common/bootmagic.o
                0x00004bfe                bootmagic
 .text.eeconfig_init
                0x00004e54       0x3e obj_satan/common/avr/eeconfig.o
                0x00004e54                eeconfig_init
 .text.eeconfig_is_enabled
                0x00004e92       0x16 obj_satan/common/avr/eeconfig.o
                0x00004e92                eeconfig_is_enabled
 .text.eeconfig_read_debug
                0x00004ea8        0x8 obj_satan/common/avr/eeconfig.o
                0x00004ea8                eeconfig_read_debug
 .text.eeconfig_write_debug
                0x00004eb0        0xa obj_satan/common/avr/eeconfig.o
                0x00004eb0                eeconfig_write_debug
 .text.eeconfig_read_default_layer
                0x00004eba        0x8 obj_satan/common/avr/eeconfig.o
                0x00004eba                eeconfig_read_default_layer
 .text.eeconfig_write_default_layer
                0x00004ec2        0xa obj_satan/common/avr/eeconfig.o
                0x00004ec2                eeconfig_write_default_layer
 .text.eeconfig_read_keymap
                0x00004ecc        0x8 obj_satan/common/avr/eeconfig.o
                0x00004ecc                eeconfig_read_keymap
 .text.eeconfig_write_keymap
                0x00004ed4        0xa obj_satan/common/avr/eeconfig.o
                0x00004ed4                eeconfig_write_keymap
 .text.eeconfig_read_backlight
                0x00004ede        0x8 obj_satan/common/avr/eeconfig.o
                0x00004ede                eeconfig_read_backlight
 .text.eeconfig_write_backlight
                0x00004ee6        0xa obj_satan/common/avr/eeconfig.o
                0x00004ee6                eeconfig_write_backlight
 .text.move_unit
                0x00004ef0       0x90 obj_satan/common/mousekey.o
 .text.wheel_unit
                0x00004f80       0x72 obj_satan/common/mousekey.o
 .text.mousekey_on
                0x00004ff2       0xd0 obj_satan/common/mousekey.o
                0x00004ff2                mousekey_on
 .text.mousekey_off
                0x000050c2      0x10e obj_satan/common/mousekey.o
                0x000050c2                mousekey_off
 .text.mousekey_send
                0x000051d0       0x16 obj_satan/common/mousekey.o
                0x000051d0                mousekey_send
 .text.mousekey_task
                0x000051e6      0x142 obj_satan/common/mousekey.o
                0x000051e6                mousekey_task
 .text.mousekey_clear
                0x00005328       0x18 obj_satan/common/mousekey.o
                0x00005328                mousekey_clear
 .text.mousekey_param_inc
                0x00005340       0xee obj_satan/common/command.o
 .text.mousekey_param_dec
                0x0000542e       0xa4 obj_satan/common/command.o
 .text.switch_default_layer
                0x000054d2       0x22 obj_satan/common/command.o
 .text.command_common
                0x000054f4      0x13e obj_satan/common/command.o
 .text.command_extra
                0x00005632        0x4 obj_satan/common/command.o
                0x00005632                command_extra
 .text.command_console_extra
                0x00005636        0x4 obj_satan/common/command.o
                0x00005636                command_console_extra
 .text.command_proc
                0x0000563a      0x13c obj_satan/common/command.o
                0x0000563a                command_proc
 .text.backlight_init
                0x00005776       0x22 obj_satan/common/backlight.o
                0x00005776                backlight_init
 .text.backlight_increase
                0x00005798       0x2e obj_satan/common/backlight.o
                0x00005798                backlight_increase
 .text.backlight_decrease
                0x000057c6       0x38 obj_satan/common/backlight.o
                0x000057c6                backlight_decrease
 .text.backlight_toggle
                0x000057fe       0x26 obj_satan/common/backlight.o
                0x000057fe                backlight_toggle
 .text.backlight_step
                0x00005824       0x48 obj_satan/common/backlight.o
                0x00005824                backlight_step
 .text.backlight_level
                0x0000586c       0x38 obj_satan/common/backlight.o
                0x0000586c                backlight_level
 .text.avr-libc.fplib
                0x000058a4        0xa d:/applications/keyboard/avr-gcc-4.7.2-mingw32/bin/../lib/gcc/avr/4.7.2/../../../../avr/lib/avr5\libm.a(fixsfsi.o)
                0x000058a4                __fixsfsi
 .text.avr-libc.fplib
                0x000058ae       0x58 d:/applications/keyboard/avr-gcc-4.7.2-mingw32/bin/../lib/gcc/avr/4.7.2/../../../../avr/lib/avr5\libm.a(fixunssfsi.o)
                0x000058ae                __fixunssfsi
 .text.avr-libc.fplib
                0x00005906       0x7a d:/applications/keyboard/avr-gcc-4.7.2-mingw32/bin/../lib/gcc/avr/4.7.2/../../../../avr/lib/avr5\libm.a(floatsisf.o)
                0x00005906                __floatunsisf
                0x0000590a                __floatsisf
 .text.avr-libc.fplib
                0x00005980       0x44 d:/applications/keyboard/avr-gcc-4.7.2-mingw32/bin/../lib/gcc/avr/4.7.2/../../../../avr/lib/avr5\libm.a(fp_split3.o)
                0x00005980                __fp_split3
                0x00005990                __fp_splitA
 .text.avr-libc.fplib
                0x000059c4        0xe d:/applications/keyboard/avr-gcc-4.7.2-mingw32/bin/../lib/gcc/avr/4.7.2/../../../../avr/lib/avr5\libm.a(fp_zero.o)
                0x000059c4                __fp_zero
                0x000059c6                __fp_szero
 .text.avr-libc.fplib
                0x000059d2        0x4 d:/applications/keyboard/avr-gcc-4.7.2-mingw32/bin/../lib/gcc/avr/4.7.2/../../../../avr/lib/avr5\libm.a(mulsf3.o)
                0x000059d2                __mulsf3
 .text.avr-libc.fplib
                0x000059d6       0xc2 d:/applications/keyboard/avr-gcc-4.7.2-mingw32/bin/../lib/gcc/avr/4.7.2/../../../../avr/lib/avr5\libm.a(mulsf3x.o)
                0x000059ea                __mulsf3x
                0x000059ee                __mulsf3_pse
 .text.avr-libc.fplib
                0x00005a98        0xc d:/applications/keyboard/avr-gcc-4.7.2-mingw32/bin/../lib/gcc/avr/4.7.2/../../../../avr/lib/avr5\libm.a(fp_inf.o)
                0x00005a98                __fp_inf
 .text.avr-libc.fplib
                0x00005aa4        0x6 d:/applications/keyboard/avr-gcc-4.7.2-mingw32/bin/../lib/gcc/avr/4.7.2/../../../../avr/lib/avr5\libm.a(fp_nan.o)
                0x00005aa4                __fp_nan
 .text.avr-libc.fplib
                0x00005aaa        0xe d:/applications/keyboard/avr-gcc-4.7.2-mingw32/bin/../lib/gcc/avr/4.7.2/../../../../avr/lib/avr5\libm.a(fp_pscA.o)
                0x00005aaa                __fp_pscA
 .text.avr-libc.fplib
                0x00005ab8        0xe d:/applications/keyboard/avr-gcc-4.7.2-mingw32/bin/../lib/gcc/avr/4.7.2/../../../../avr/lib/avr5\libm.a(fp_pscB.o)
                0x00005ab8                __fp_pscB
 .text.avr-libc.fplib
                0x00005ac6       0x22 d:/applications/keyboard/avr-gcc-4.7.2-mingw32/bin/../lib/gcc/avr/4.7.2/../../../../avr/lib/avr5\libm.a(fp_round.o)
                0x00005ac6                __fp_round
 .text.libgcc.div
                0x00005ae8       0x18 d:/applications/keyboard/avr-gcc-4.7.2-mingw32/bin/../lib/gcc/avr/4.7.2/avr5\libgcc.a(_udivmodqi4.o)
                0x00005ae8                __udivmodqi4
 .text.libgcc.div
                0x00005b00       0x28 d:/applications/keyboard/avr-gcc-4.7.2-mingw32/bin/../lib/gcc/avr/4.7.2/avr5\libgcc.a(_udivmodhi4.o)
                0x00005b00                __udivmodhi4
 .text.libgcc.div
                0x00005b28       0x28 d:/applications/keyboard/avr-gcc-4.7.2-mingw32/bin/../lib/gcc/avr/4.7.2/avr5\libgcc.a(_divmodhi4.o)
                0x00005b28                _div
                0x00005b28                __divmodhi4
 .text.avr-libc
                0x00005b50       0x10 d:/applications/keyboard/avr-gcc-4.7.2-mingw32/bin/../lib/gcc/avr/4.7.2/../../../../avr/lib/avr5\libc.a(eerd_byte_atmega32u4.o)
                0x00005b50                __eerd_byte_m32u4
 .text.avr-libc
                0x00005b60        0xc d:/applications/keyboard/avr-gcc-4.7.2-mingw32/bin/../lib/gcc/avr/4.7.2/../../../../avr/lib/avr5\libc.a(eerd_dword_atmega32u4.o)
                0x00005b60                __eerd_float_m32u4
                0x00005b60                __eerd_dword_m32u4
 .text.avr-libc
                0x00005b6c        0xc d:/applications/keyboard/avr-gcc-4.7.2-mingw32/bin/../lib/gcc/avr/4.7.2/../../../../avr/lib/avr5\libc.a(eerd_word_atmega32u4.o)
                0x00005b6c                __eerd_word_m32u4
 .text.avr-libc
                0x00005b78       0x1c d:/applications/keyboard/avr-gcc-4.7.2-mingw32/bin/../lib/gcc/avr/4.7.2/../../../../avr/lib/avr5\libc.a(eewr_byte_atmega32u4.o)
                0x00005b78                __eewr_byte_m32u4
                0x00005b7a                __eewr_r18_m32u4
 .text.avr-libc
                0x00005b94       0x10 d:/applications/keyboard/avr-gcc-4.7.2-mingw32/bin/../lib/gcc/avr/4.7.2/../../../../avr/lib/avr5\libc.a(eewr_dword_atmega32u4.o)
                0x00005b94                __eewr_float_m32u4
                0x00005b94                __eewr_dword_m32u4
 .text.avr-libc
                0x00005ba4        0xa d:/applications/keyboard/avr-gcc-4.7.2-mingw32/bin/../lib/gcc/avr/4.7.2/../../../../avr/lib/avr5\libc.a(eewr_word_atmega32u4.o)
                0x00005ba4                __eewr_word_m32u4
 .text.avr-libc
                0x00005bae       0x20 d:/applications/keyboard/avr-gcc-4.7.2-mingw32/bin/../lib/gcc/avr/4.7.2/../../../../avr/lib/avr5\libc.a(eerd_block_atmega32u4.o)
                0x00005bae                __eerd_block_m32u4
                0x00005bb2                __eerd_blraw_m32u4
                0x00005bce                . = ALIGN (0x2)
 *(.fini9)
 .fini9         0x00005bce        0x0 d:/applications/keyboard/avr-gcc-4.7.2-mingw32/bin/../lib/gcc/avr/4.7.2/avr5\libgcc.a(_exit.o)
                0x00005bce                _exit
                0x00005bce                exit
 *(.fini9)
 *(.fini8)
 *(.fini8)
 *(.fini7)
 *(.fini7)
 *(.fini6)
 *(.fini6)
 *(.fini5)
 *(.fini5)
 *(.fini4)
 *(.fini4)
 *(.fini3)
 *(.fini3)
 *(.fini2)
 *(.fini2)
 *(.fini1)
 *(.fini1)
 *(.fini0)
 .fini0         0x00005bce        0x4 d:/applications/keyboard/avr-gcc-4.7.2-mingw32/bin/../lib/gcc/avr/4.7.2/avr5\libgcc.a(_exit.o)
 *(.fini0)
                0x00005bd2                _etext = .

.data           0x00800100       0x60 load address 0x00005bd2
                0x00800100                PROVIDE (__data_start, .)
 *(.data)
 .data          0x00800100        0x0 d:/applications/keyboard/avr-gcc-4.7.2-mingw32/bin/../lib/gcc/avr/4.7.2/../../../../avr/lib/avr5/crtm32u4.o
 .data          0x00800100        0x0 obj_satan/keymaps/keymap_tiny.o
 .data          0x00800100        0x0 obj_satan/satan.o
 .data          0x00800100        0x0 obj_satan/led.o
 .data          0x00800100        0x0 obj_satan/backlight.o
 .data          0x00800100        0x0 obj_satan/light_ws2812.o
 .data          0x00800100        0x0 obj_satan/rgblight.o
 .data          0x00800100        0x0 obj_satan/quantum/keymap_common.o
 .data          0x00800100        0x0 obj_satan/quantum/matrix.o
 .data          0x00800100        0x0 obj_satan/protocol/lufa/lufa.o
 .data          0x00800100        0x0 obj_satan/protocol/lufa/descriptor.o
 .data          0x00800100        0x0 obj_satan/protocol/lufa/LUFA-git/LUFA/Drivers/USB/Class/Common/HIDParser.o
 .data          0x00800100        0x0 obj_satan/protocol/lufa/LUFA-git/LUFA/Drivers/USB/Core/AVR8/Device_AVR8.o
 .data          0x00800100        0x0 obj_satan/protocol/lufa/LUFA-git/LUFA/Drivers/USB/Core/AVR8/EndpointStream_AVR8.o
 .data          0x00800100        0x0 obj_satan/protocol/lufa/LUFA-git/LUFA/Drivers/USB/Core/AVR8/Endpoint_AVR8.o
 .data          0x00800100        0x0 obj_satan/protocol/lufa/LUFA-git/LUFA/Drivers/USB/Core/AVR8/Host_AVR8.o
 .data          0x00800100        0x0 obj_satan/protocol/lufa/LUFA-git/LUFA/Drivers/USB/Core/AVR8/PipeStream_AVR8.o
 .data          0x00800100        0x0 obj_satan/protocol/lufa/LUFA-git/LUFA/Drivers/USB/Core/AVR8/Pipe_AVR8.o
 .data          0x00800100        0x0 obj_satan/protocol/lufa/LUFA-git/LUFA/Drivers/USB/Core/AVR8/USBController_AVR8.o
 .data          0x00800100        0x0 obj_satan/protocol/lufa/LUFA-git/LUFA/Drivers/USB/Core/AVR8/USBInterrupt_AVR8.o
 .data          0x00800100        0x0 obj_satan/protocol/lufa/LUFA-git/LUFA/Drivers/USB/Core/ConfigDescriptors.o
 .data          0x00800100        0x0 obj_satan/protocol/lufa/LUFA-git/LUFA/Drivers/USB/Core/DeviceStandardReq.o
 .data          0x00800100        0x0 obj_satan/protocol/lufa/LUFA-git/LUFA/Drivers/USB/Core/Events.o
 .data          0x00800100        0x0 obj_satan/protocol/lufa/LUFA-git/LUFA/Drivers/USB/Core/HostStandardReq.o
 .data          0x00800100        0x0 obj_satan/protocol/lufa/LUFA-git/LUFA/Drivers/USB/Core/USBTask.o
 .data          0x00800100        0x0 obj_satan/common/host.o
 .data          0x00800100        0x0 obj_satan/common/keyboard.o
 .data          0x00800100        0x0 obj_satan/common/action.o
 .data          0x00800100        0x0 obj_satan/common/action_tapping.o
 .data          0x00800100        0x0 obj_satan/common/action_macro.o
 .data          0x00800100        0x0 obj_satan/common/action_layer.o
 .data          0x00800100        0x0 obj_satan/common/action_util.o
 .data          0x00800100        0x0 obj_satan/common/keymap.o
 .data          0x00800100        0x0 obj_satan/common/print.o
 .data          0x00800100        0x0 obj_satan/common/debug.o
 .data          0x00800100        0x0 obj_satan/common/util.o
 .data          0x00800100        0x0 obj_satan/common/avr/suspend.o
 .data          0x00800100        0x0 obj_satan/common/avr/xprintf.o
 .data          0x00800100        0x0 obj_satan/common/avr/timer.o
 .data          0x00800100        0x0 obj_satan/common/avr/bootloader.o
 .data          0x00800100        0x0 obj_satan/common/bootmagic.o
 .data          0x00800100        0x0 obj_satan/common/avr/eeconfig.o
 .data          0x00800100        0x0 obj_satan/common/mousekey.o
 .data          0x00800100        0x0 obj_satan/common/command.o
 .data          0x00800100        0x0 obj_satan/common/backlight.o
 .data          0x00800100        0x0 d:/applications/keyboard/avr-gcc-4.7.2-mingw32/bin/../lib/gcc/avr/4.7.2/../../../../avr/lib/avr5\libm.a(fixsfsi.o)
 .data          0x00800100        0x0 d:/applications/keyboard/avr-gcc-4.7.2-mingw32/bin/../lib/gcc/avr/4.7.2/../../../../avr/lib/avr5\libm.a(fixunssfsi.o)
 .data          0x00800100        0x0 d:/applications/keyboard/avr-gcc-4.7.2-mingw32/bin/../lib/gcc/avr/4.7.2/../../../../avr/lib/avr5\libm.a(floatsisf.o)
 .data          0x00800100        0x0 d:/applications/keyboard/avr-gcc-4.7.2-mingw32/bin/../lib/gcc/avr/4.7.2/../../../../avr/lib/avr5\libm.a(fp_split3.o)
 .data          0x00800100        0x0 d:/applications/keyboard/avr-gcc-4.7.2-mingw32/bin/../lib/gcc/avr/4.7.2/../../../../avr/lib/avr5\libm.a(fp_zero.o)
 .data          0x00800100        0x0 d:/applications/keyboard/avr-gcc-4.7.2-mingw32/bin/../lib/gcc/avr/4.7.2/../../../../avr/lib/avr5\libm.a(mulsf3.o)
 .data          0x00800100        0x0 d:/applications/keyboard/avr-gcc-4.7.2-mingw32/bin/../lib/gcc/avr/4.7.2/../../../../avr/lib/avr5\libm.a(mulsf3x.o)
 .data          0x00800100        0x0 d:/applications/keyboard/avr-gcc-4.7.2-mingw32/bin/../lib/gcc/avr/4.7.2/../../../../avr/lib/avr5\libm.a(fp_inf.o)
 .data          0x00800100        0x0 d:/applications/keyboard/avr-gcc-4.7.2-mingw32/bin/../lib/gcc/avr/4.7.2/../../../../avr/lib/avr5\libm.a(fp_nan.o)
 .data          0x00800100        0x0 d:/applications/keyboard/avr-gcc-4.7.2-mingw32/bin/../lib/gcc/avr/4.7.2/../../../../avr/lib/avr5\libm.a(fp_pscA.o)
 .data          0x00800100        0x0 d:/applications/keyboard/avr-gcc-4.7.2-mingw32/bin/../lib/gcc/avr/4.7.2/../../../../avr/lib/avr5\libm.a(fp_pscB.o)
 .data          0x00800100        0x0 d:/applications/keyboard/avr-gcc-4.7.2-mingw32/bin/../lib/gcc/avr/4.7.2/../../../../avr/lib/avr5\libm.a(fp_round.o)
 .data          0x00800100        0x0 d:/applications/keyboard/avr-gcc-4.7.2-mingw32/bin/../lib/gcc/avr/4.7.2/avr5\libgcc.a(_udivmodqi4.o)
 .data          0x00800100        0x0 d:/applications/keyboard/avr-gcc-4.7.2-mingw32/bin/../lib/gcc/avr/4.7.2/avr5\libgcc.a(_udivmodhi4.o)
 .data          0x00800100        0x0 d:/applications/keyboard/avr-gcc-4.7.2-mingw32/bin/../lib/gcc/avr/4.7.2/avr5\libgcc.a(_divmodhi4.o)
 .data          0x00800100        0x0 d:/applications/keyboard/avr-gcc-4.7.2-mingw32/bin/../lib/gcc/avr/4.7.2/avr5\libgcc.a(_exit.o)
 .data          0x00800100        0x0 d:/applications/keyboard/avr-gcc-4.7.2-mingw32/bin/../lib/gcc/avr/4.7.2/avr5\libgcc.a(_copy_data.o)
 .data          0x00800100        0x0 d:/applications/keyboard/avr-gcc-4.7.2-mingw32/bin/../lib/gcc/avr/4.7.2/avr5\libgcc.a(_clear_bss.o)
 .data          0x00800100        0x0 d:/applications/keyboard/avr-gcc-4.7.2-mingw32/bin/../lib/gcc/avr/4.7.2/../../../../avr/lib/avr5\libc.a(eerd_byte_atmega32u4.o)
 .data          0x00800100        0x0 d:/applications/keyboard/avr-gcc-4.7.2-mingw32/bin/../lib/gcc/avr/4.7.2/../../../../avr/lib/avr5\libc.a(eerd_dword_atmega32u4.o)
 .data          0x00800100        0x0 d:/applications/keyboard/avr-gcc-4.7.2-mingw32/bin/../lib/gcc/avr/4.7.2/../../../../avr/lib/avr5\libc.a(eerd_word_atmega32u4.o)
 .data          0x00800100        0x0 d:/applications/keyboard/avr-gcc-4.7.2-mingw32/bin/../lib/gcc/avr/4.7.2/../../../../avr/lib/avr5\libc.a(eeupd_byte_atmega32u4.o)
 .data          0x00800100        0x0 d:/applications/keyboard/avr-gcc-4.7.2-mingw32/bin/../lib/gcc/avr/4.7.2/../../../../avr/lib/avr5\libc.a(eewr_byte_atmega32u4.o)
 .data          0x00800100        0x0 d:/applications/keyboard/avr-gcc-4.7.2-mingw32/bin/../lib/gcc/avr/4.7.2/../../../../avr/lib/avr5\libc.a(eewr_dword_atmega32u4.o)
 .data          0x00800100        0x0 d:/applications/keyboard/avr-gcc-4.7.2-mingw32/bin/../lib/gcc/avr/4.7.2/../../../../avr/lib/avr5\libc.a(eewr_word_atmega32u4.o)
 .data          0x00800100        0x0 d:/applications/keyboard/avr-gcc-4.7.2-mingw32/bin/../lib/gcc/avr/4.7.2/../../../../avr/lib/avr5\libc.a(eerd_block_atmega32u4.o)
 *(.data*)
 .data.accuracy
                0x00800100        0x1 obj_satan/backlight.o
                0x00800100                accuracy
 .data.increament.2072
                0x00800101        0x1 obj_satan/rgblight.o
 .data.debouncing
                0x00800102        0x1 obj_satan/quantum/matrix.o
 .data.lufa_driver
                0x00800103        0xa obj_satan/protocol/lufa/lufa.o
                0x00800103                lufa_driver
 .data.keyboard_protocol
                0x0080010d        0x1 obj_satan/protocol/lufa/lufa.o
                0x0080010d                keyboard_protocol
 .data.keyboard_nkro
                0x0080010e        0x1 obj_satan/common/host.o
                0x0080010e                keyboard_nkro
 .data.keyboard_report
                0x0080010f        0x2 obj_satan/common/action_util.o
                0x0080010f                keyboard_report
 .data.mk_wheel_time_to_max
                0x00800111        0x1 obj_satan/common/mousekey.o
                0x00800111                mk_wheel_time_to_max
 .data.mk_wheel_max_speed
                0x00800112        0x1 obj_satan/common/mousekey.o
                0x00800112                mk_wheel_max_speed
 .data.mk_time_to_max
                0x00800113        0x1 obj_satan/common/mousekey.o
                0x00800113                mk_time_to_max
 .data.mk_max_speed
                0x00800114        0x1 obj_satan/common/mousekey.o
                0x00800114                mk_max_speed
 .data.mk_interval
                0x00800115        0x1 obj_satan/common/mousekey.o
                0x00800115                mk_interval
 .data.mk_delay
                0x00800116        0x1 obj_satan/common/mousekey.o
                0x00800116                mk_delay
 *(.rodata)
 .rodata        0x00800117       0x26 obj_satan/quantum/matrix.o
 *(.rodata*)
 .rodata.CSWTCH.2
                0x0080013d        0xa obj_satan/protocol/lufa/descriptor.o
 .rodata.CSWTCH.4
                0x00800147        0xa obj_satan/protocol/lufa/descriptor.o
 .rodata.CSWTCH.5
                0x00800151        0x5 obj_satan/protocol/lufa/descriptor.o
 .rodata.CSWTCH.43
                0x00800156        0xa obj_satan/common/command.o
 *(.gnu.linkonce.d*)
                0x00800160                . = ALIGN (0x2)
                0x00800160                _edata = .
                0x00800160                PROVIDE (__data_end, .)

.bss            0x00800160       0xe6
                0x00800160                PROVIDE (__bss_start, .)
 *(.bss)
 *(.bss*)
 .bss.shift_esc_shift_mask.4661
                0x00800160        0x1 obj_satan/keymaps/keymap_tiny.o
 .bss.pos       0x00800161        0x1 obj_satan/backlight.o
                0x00800161                pos
 .bss.duty_cycle
                0x00800162        0x1 obj_satan/backlight.o
                0x00800162                duty_cycle
 .bss.current_level
                0x00800163        0x1 obj_satan/backlight.o
                0x00800163                current_level
 .bss.is_init   0x00800164        0x1 obj_satan/backlight.o
                0x00800164                is_init
 .bss.acc       0x00800165        0x1 obj_satan/backlight.o
                0x00800165                acc
 .bss.rgblight_inited
                0x00800166        0x1 obj_satan/rgblight.o
                0x00800166                rgblight_inited
 .bss.rgblight_timer_is_init.1996
                0x00800167        0x1 obj_satan/rgblight.o
 .bss.last_timer.2016
                0x00800168        0x2 obj_satan/rgblight.o
 .bss.pos.2015  0x0080016a        0x1 obj_satan/rgblight.o
 .bss.last_timer.2027
                0x0080016b        0x2 obj_satan/rgblight.o
 .bss.current_hue.2026
                0x0080016d        0x2 obj_satan/rgblight.o
 .bss.last_timer.2035
                0x0080016f        0x2 obj_satan/rgblight.o
 .bss.current_hue.2034
                0x00800171        0x2 obj_satan/rgblight.o
 .bss.last_timer.2048
                0x00800173        0x2 obj_satan/rgblight.o
 .bss.pos.2047  0x00800175        0x1 obj_satan/rgblight.o
 .bss.last_timer.2066
                0x00800176        0x2 obj_satan/rgblight.o
 .bss.pos.2065  0x00800178        0x1 obj_satan/rgblight.o
 .bss.matrix    0x00800179        0xa obj_satan/quantum/matrix.o
 .bss.matrix_debouncing
                0x00800183        0xa obj_satan/quantum/matrix.o
 .bss.keyboard_idle
                0x0080018d        0x1 obj_satan/protocol/lufa/lufa.o
                0x0080018d                keyboard_idle
 .bss.keyboard_report_sent
                0x0080018e       0x10 obj_satan/protocol/lufa/lufa.o
 .bss.keyboard_led_stats
                0x0080019e        0x1 obj_satan/protocol/lufa/lufa.o
 .bss.count.4501
                0x0080019f        0x1 obj_satan/protocol/lufa/lufa.o
 .bss.console_flush
                0x008001a0        0x1 obj_satan/protocol/lufa/lufa.o
 .bss.driver    0x008001a1        0x2 obj_satan/common/host.o
 .bss.last_system_report
                0x008001a3        0x2 obj_satan/common/host.o
 .bss.last_consumer_report
                0x008001a5        0x2 obj_satan/common/host.o
 .bss.matrix_prev.4583
                0x008001a7        0xa obj_satan/common/keyboard.o
 .bss.led_status.4584
                0x008001b1        0x1 obj_satan/common/keyboard.o
 .bss.tapping_key
                0x008001b2        0x6 obj_satan/common/action_tapping.o
 .bss.waiting_buffer
                0x008001b8       0x30 obj_satan/common/action_tapping.o
 .bss.waiting_buffer_tail
                0x008001e8        0x1 obj_satan/common/action_tapping.o
 .bss.waiting_buffer_head
                0x008001e9        0x1 obj_satan/common/action_tapping.o
 .bss.layer_state
                0x008001ea        0x4 obj_satan/common/action_layer.o
                0x008001ea                layer_state
 .bss.default_layer_state
                0x008001ee        0x4 obj_satan/common/action_layer.o
                0x008001ee                default_layer_state
 .bss.real_mods
                0x008001f2        0x1 obj_satan/common/action_util.o
 .bss.weak_mods
                0x008001f3        0x1 obj_satan/common/action_util.o
 .bss.oneshot_mods
                0x008001f4        0x1 obj_satan/common/action_util.o
 .bss.__compound_literal.0
                0x008001f5       0x10 obj_satan/common/action_util.o
 .bss.debug_config
                0x00800205        0x1 obj_satan/common/debug.o
                0x00800205                debug_config
 .bss.wdt_timeout
                0x00800206        0x1 obj_satan/common/avr/suspend.o
 .bss.timer_count
                0x00800207        0x4 obj_satan/common/avr/timer.o
                0x00800207                timer_count
 .bss.last_timer
                0x0080020b        0x2 obj_satan/common/mousekey.o
 .bss.mousekey_repeat
                0x0080020d        0x1 obj_satan/common/mousekey.o
 .bss.mouse_report
                0x0080020e        0x5 obj_satan/common/mousekey.o
 .bss.mousekey_accel
                0x00800213        0x1 obj_satan/common/mousekey.o
 .bss.command_state
                0x00800214        0x1 obj_satan/common/command.o
                0x00800214                command_state
 .bss.mousekey_param
                0x00800215        0x1 obj_satan/common/command.o
 *(COMMON)
 COMMON         0x00800216        0x2 obj_satan/keymaps/keymap_tiny.o
                0x00800216                keymap_config
 COMMON         0x00800218       0x20 obj_satan/rgblight.o
                0x00800218                rgblight_config
                0x0080021c                inmem_config
                0x00800220                led
 COMMON         0x00800238        0x3 obj_satan/protocol/lufa/LUFA-git/LUFA/Drivers/USB/Core/DeviceStandardReq.o
                0x00800238                USB_Device_ConfigurationNumber
                0x00800239                USB_Device_CurrentlySelfPowered
                0x0080023a                USB_Device_RemoteWakeupEnabled
 COMMON         0x0080023b        0xa obj_satan/protocol/lufa/LUFA-git/LUFA/Drivers/USB/Core/USBTask.o
                0x0080023b                USB_IsInitialized
                0x0080023c                USB_DeviceState
                0x0080023d                USB_ControlRequest
 COMMON         0x00800245        0x1 obj_satan/common/backlight.o
                0x00800245                backlight_config
                0x00800246                PROVIDE (__bss_end, .)
                0x00005bd2                __data_load_start = LOADADDR (.data)
                0x00005c32                __data_load_end = (__data_load_start + SIZEOF (.data))

.noinit         0x00800246        0x4
                0x00800246                PROVIDE (__noinit_start, .)
 *(.noinit*)
 .noinit        0x00800246        0x4 obj_satan/common/avr/bootloader.o
                0x00800246                reset_key
                0x0080024a                PROVIDE (__noinit_end, .)
                0x0080024a                _end = .
                0x0080024a                PROVIDE (__heap_start, .)

.eeprom         0x00810000        0x0
 *(.eeprom*)
                0x00810000                __eeprom_end = .

.fuse
 *(.fuse)
 *(.lfuse)
 *(.hfuse)
 *(.efuse)

.lock
 *(.lock*)

.signature
 *(.signature*)

.stab           0x00000000     0x1c38
 *(.stab)
 .stab          0x00000000      0x6cc d:/applications/keyboard/avr-gcc-4.7.2-mingw32/bin/../lib/gcc/avr/4.7.2/../../../../avr/lib/avr5/crtm32u4.o
 .stab          0x000006cc       0x18 obj_satan/common/avr/xprintf.o
                                0x8b8 (size before relaxing)
 .stab          0x000006e4       0x6c d:/applications/keyboard/avr-gcc-4.7.2-mingw32/bin/../lib/gcc/avr/4.7.2/../../../../avr/lib/avr5\libm.a(fixsfsi.o)
                                 0x78 (size before relaxing)
 .stab          0x00000750      0x240 d:/applications/keyboard/avr-gcc-4.7.2-mingw32/bin/../lib/gcc/avr/4.7.2/../../../../avr/lib/avr5\libm.a(fixunssfsi.o)
                                0x24c (size before relaxing)
 .stab          0x00000990      0x318 d:/applications/keyboard/avr-gcc-4.7.2-mingw32/bin/../lib/gcc/avr/4.7.2/../../../../avr/lib/avr5\libm.a(floatsisf.o)
                                0x324 (size before relaxing)
 .stab          0x00000ca8      0x1d4 d:/applications/keyboard/avr-gcc-4.7.2-mingw32/bin/../lib/gcc/avr/4.7.2/../../../../avr/lib/avr5\libm.a(fp_split3.o)
                                0x1e0 (size before relaxing)
 .stab          0x00000e7c       0x90 d:/applications/keyboard/avr-gcc-4.7.2-mingw32/bin/../lib/gcc/avr/4.7.2/../../../../avr/lib/avr5\libm.a(fp_zero.o)
                                 0x9c (size before relaxing)
 .stab          0x00000f0c       0x48 d:/applications/keyboard/avr-gcc-4.7.2-mingw32/bin/../lib/gcc/avr/4.7.2/../../../../avr/lib/avr5\libm.a(mulsf3.o)
                                 0x54 (size before relaxing)
 .stab          0x00000f54      0x4d4 d:/applications/keyboard/avr-gcc-4.7.2-mingw32/bin/../lib/gcc/avr/4.7.2/../../../../avr/lib/avr5\libm.a(mulsf3x.o)
                                0x4e0 (size before relaxing)
 .stab          0x00001428       0x78 d:/applications/keyboard/avr-gcc-4.7.2-mingw32/bin/../lib/gcc/avr/4.7.2/../../../../avr/lib/avr5\libm.a(fp_inf.o)
                                 0x84 (size before relaxing)
 .stab          0x000014a0       0x54 d:/applications/keyboard/avr-gcc-4.7.2-mingw32/bin/../lib/gcc/avr/4.7.2/../../../../avr/lib/avr5\libm.a(fp_nan.o)
                                 0x60 (size before relaxing)
 .stab          0x000014f4       0x84 d:/applications/keyboard/avr-gcc-4.7.2-mingw32/bin/../lib/gcc/avr/4.7.2/../../../../avr/lib/avr5\libm.a(fp_pscA.o)
                                 0x90 (size before relaxing)
 .stab          0x00001578       0x84 d:/applications/keyboard/avr-gcc-4.7.2-mingw32/bin/../lib/gcc/avr/4.7.2/../../../../avr/lib/avr5\libm.a(fp_pscB.o)
                                 0x90 (size before relaxing)
 .stab          0x000015fc       0xfc d:/applications/keyboard/avr-gcc-4.7.2-mingw32/bin/../lib/gcc/avr/4.7.2/../../../../avr/lib/avr5\libm.a(fp_round.o)
                                0x108 (size before relaxing)
 .stab          0x000016f8       0x90 d:/applications/keyboard/avr-gcc-4.7.2-mingw32/bin/../lib/gcc/avr/4.7.2/../../../../avr/lib/avr5\libc.a(eerd_byte_atmega32u4.o)
                                 0x9c (size before relaxing)
 .stab          0x00001788       0x78 d:/applications/keyboard/avr-gcc-4.7.2-mingw32/bin/../lib/gcc/avr/4.7.2/../../../../avr/lib/avr5\libc.a(eerd_dword_atmega32u4.o)
                                 0x84 (size before relaxing)
 .stab          0x00001800       0x6c d:/applications/keyboard/avr-gcc-4.7.2-mingw32/bin/../lib/gcc/avr/4.7.2/../../../../avr/lib/avr5\libc.a(eerd_word_atmega32u4.o)
                                 0x78 (size before relaxing)
 .stab          0x0000186c      0x114 d:/applications/keyboard/avr-gcc-4.7.2-mingw32/bin/../lib/gcc/avr/4.7.2/../../../../avr/lib/avr5\libc.a(eeupd_byte_atmega32u4.o)
                                0x120 (size before relaxing)
 .stab          0x00001980       0xe4 d:/applications/keyboard/avr-gcc-4.7.2-mingw32/bin/../lib/gcc/avr/4.7.2/../../../../avr/lib/avr5\libc.a(eewr_byte_atmega32u4.o)
                                 0xf0 (size before relaxing)
 .stab          0x00001a64       0x78 d:/applications/keyboard/avr-gcc-4.7.2-mingw32/bin/../lib/gcc/avr/4.7.2/../../../../avr/lib/avr5\libc.a(eewr_dword_atmega32u4.o)
                                 0x84 (size before relaxing)
 .stab          0x00001adc       0x54 d:/applications/keyboard/avr-gcc-4.7.2-mingw32/bin/../lib/gcc/avr/4.7.2/../../../../avr/lib/avr5\libc.a(eewr_word_atmega32u4.o)
                                 0x60 (size before relaxing)
 .stab          0x00001b30      0x108 d:/applications/keyboard/avr-gcc-4.7.2-mingw32/bin/../lib/gcc/avr/4.7.2/../../../../avr/lib/avr5\libc.a(eerd_block_atmega32u4.o)
                                0x114 (size before relaxing)

.stabstr        0x00000000      0x6a3
 *(.stabstr)
 .stabstr       0x00000000      0x6a3 d:/applications/keyboard/avr-gcc-4.7.2-mingw32/bin/../lib/gcc/avr/4.7.2/../../../../avr/lib/avr5/crtm32u4.o

.stab.excl
 *(.stab.excl)

.stab.exclstr
 *(.stab.exclstr)

.stab.index
 *(.stab.index)

.stab.indexstr
 *(.stab.indexstr)

.comment        0x00000000       0x11
 *(.comment)
 .comment       0x00000000       0x11 obj_satan/keymaps/keymap_tiny.o
                                 0x12 (size before relaxing)
 .comment       0x00000000       0x12 obj_satan/satan.o
 .comment       0x00000000       0x12 obj_satan/led.o
 .comment       0x00000000       0x12 obj_satan/backlight.o
 .comment       0x00000000       0x12 obj_satan/light_ws2812.o
 .comment       0x00000000       0x12 obj_satan/rgblight.o
 .comment       0x00000000       0x12 obj_satan/quantum/keymap_common.o
 .comment       0x00000000       0x12 obj_satan/quantum/matrix.o
 .comment       0x00000000       0x12 obj_satan/protocol/lufa/lufa.o
 .comment       0x00000000       0x12 obj_satan/protocol/lufa/descriptor.o
 .comment       0x00000000       0x12 obj_satan/protocol/lufa/LUFA-git/LUFA/Drivers/USB/Class/Common/HIDParser.o
 .comment       0x00000000       0x12 obj_satan/protocol/lufa/LUFA-git/LUFA/Drivers/USB/Core/AVR8/Device_AVR8.o
 .comment       0x00000000       0x12 obj_satan/protocol/lufa/LUFA-git/LUFA/Drivers/USB/Core/AVR8/EndpointStream_AVR8.o
 .comment       0x00000000       0x12 obj_satan/protocol/lufa/LUFA-git/LUFA/Drivers/USB/Core/AVR8/Endpoint_AVR8.o
 .comment       0x00000000       0x12 obj_satan/protocol/lufa/LUFA-git/LUFA/Drivers/USB/Core/AVR8/Host_AVR8.o
 .comment       0x00000000       0x12 obj_satan/protocol/lufa/LUFA-git/LUFA/Drivers/USB/Core/AVR8/PipeStream_AVR8.o
 .comment       0x00000000       0x12 obj_satan/protocol/lufa/LUFA-git/LUFA/Drivers/USB/Core/AVR8/Pipe_AVR8.o
 .comment       0x00000000       0x12 obj_satan/protocol/lufa/LUFA-git/LUFA/Drivers/USB/Core/AVR8/USBController_AVR8.o
 .comment       0x00000000       0x12 obj_satan/protocol/lufa/LUFA-git/LUFA/Drivers/USB/Core/AVR8/USBInterrupt_AVR8.o
 .comment       0x00000000       0x12 obj_satan/protocol/lufa/LUFA-git/LUFA/Drivers/USB/Core/ConfigDescriptors.o
 .comment       0x00000000       0x12 obj_satan/protocol/lufa/LUFA-git/LUFA/Drivers/USB/Core/DeviceStandardReq.o
 .comment       0x00000000       0x12 obj_satan/protocol/lufa/LUFA-git/LUFA/Drivers/USB/Core/Events.o
 .comment       0x00000000       0x12 obj_satan/protocol/lufa/LUFA-git/LUFA/Drivers/USB/Core/HostStandardReq.o
 .comment       0x00000000       0x12 obj_satan/protocol/lufa/LUFA-git/LUFA/Drivers/USB/Core/USBTask.o
 .comment       0x00000000       0x12 obj_satan/common/host.o
 .comment       0x00000000       0x12 obj_satan/common/keyboard.o
 .comment       0x00000000       0x12 obj_satan/common/action.o
 .comment       0x00000000       0x12 obj_satan/common/action_tapping.o
 .comment       0x00000000       0x12 obj_satan/common/action_macro.o
 .comment       0x00000000       0x12 obj_satan/common/action_layer.o
 .comment       0x00000000       0x12 obj_satan/common/action_util.o
 .comment       0x00000000       0x12 obj_satan/common/keymap.o
 .comment       0x00000000       0x12 obj_satan/common/print.o
 .comment       0x00000000       0x12 obj_satan/common/debug.o
 .comment       0x00000000       0x12 obj_satan/common/util.o
 .comment       0x00000000       0x12 obj_satan/common/avr/suspend.o
 .comment       0x00000000       0x12 obj_satan/common/avr/timer.o
 .comment       0x00000000       0x12 obj_satan/common/avr/bootloader.o
 .comment       0x00000000       0x12 obj_satan/common/bootmagic.o
 .comment       0x00000000       0x12 obj_satan/common/avr/eeconfig.o
 .comment       0x00000000       0x12 obj_satan/common/mousekey.o
 .comment       0x00000000       0x12 obj_satan/common/command.o
 .comment       0x00000000       0x12 obj_satan/common/backlight.o

.debug
 *(.debug)

.line
 *(.line)

.debug_srcinfo
 *(.debug_srcinfo)

.debug_sfnames
 *(.debug_sfnames)

.debug_aranges  0x00000000      0xd20
 *(.debug_aranges)
 .debug_aranges
                0x00000000       0x28 obj_satan/keymaps/keymap_tiny.o
 .debug_aranges
                0x00000028       0x38 obj_satan/satan.o
 .debug_aranges
                0x00000060       0x20 obj_satan/led.o
 .debug_aranges
                0x00000080       0x58 obj_satan/backlight.o
 .debug_aranges
                0x000000d8       0x40 obj_satan/light_ws2812.o
 .debug_aranges
                0x00000118      0x120 obj_satan/rgblight.o
 .debug_aranges
                0x00000238       0x50 obj_satan/quantum/keymap_common.o
 .debug_aranges
                0x00000288       0x78 obj_satan/quantum/matrix.o
 .debug_aranges
                0x00000300       0x90 obj_satan/protocol/lufa/lufa.o
 .debug_aranges
                0x00000390       0x20 obj_satan/protocol/lufa/descriptor.o
 .debug_aranges
                0x000003b0       0x38 obj_satan/protocol/lufa/LUFA-git/LUFA/Drivers/USB/Class/Common/HIDParser.o
 .debug_aranges
                0x000003e8       0x20 obj_satan/protocol/lufa/LUFA-git/LUFA/Drivers/USB/Core/AVR8/Device_AVR8.o
 .debug_aranges
                0x00000408       0xc8 obj_satan/protocol/lufa/LUFA-git/LUFA/Drivers/USB/Core/AVR8/EndpointStream_AVR8.o
 .debug_aranges
                0x000004d0       0x40 obj_satan/protocol/lufa/LUFA-git/LUFA/Drivers/USB/Core/AVR8/Endpoint_AVR8.o
 .debug_aranges
                0x00000510       0x18 obj_satan/protocol/lufa/LUFA-git/LUFA/Drivers/USB/Core/AVR8/Host_AVR8.o
 .debug_aranges
                0x00000528       0x18 obj_satan/protocol/lufa/LUFA-git/LUFA/Drivers/USB/Core/AVR8/PipeStream_AVR8.o
 .debug_aranges
                0x00000540       0x18 obj_satan/protocol/lufa/LUFA-git/LUFA/Drivers/USB/Core/AVR8/Pipe_AVR8.o
 .debug_aranges
                0x00000558       0x30 obj_satan/protocol/lufa/LUFA-git/LUFA/Drivers/USB/Core/AVR8/USBController_AVR8.o
 .debug_aranges
                0x00000588       0x38 obj_satan/protocol/lufa/LUFA-git/LUFA/Drivers/USB/Core/AVR8/USBInterrupt_AVR8.o
 .debug_aranges
                0x000005c0       0x40 obj_satan/protocol/lufa/LUFA-git/LUFA/Drivers/USB/Core/ConfigDescriptors.o
 .debug_aranges
                0x00000600       0x20 obj_satan/protocol/lufa/LUFA-git/LUFA/Drivers/USB/Core/DeviceStandardReq.o
 .debug_aranges
                0x00000620       0x20 obj_satan/protocol/lufa/LUFA-git/LUFA/Drivers/USB/Core/Events.o
 .debug_aranges
                0x00000640       0x18 obj_satan/protocol/lufa/LUFA-git/LUFA/Drivers/USB/Core/HostStandardReq.o
 .debug_aranges
                0x00000658       0x20 obj_satan/protocol/lufa/LUFA-git/LUFA/Drivers/USB/Core/USBTask.o
 .debug_aranges
                0x00000678       0x60 obj_satan/common/host.o
 .debug_aranges
                0x000006d8       0x40 obj_satan/common/keyboard.o
 .debug_aranges
                0x00000718       0x78 obj_satan/common/action.o
 .debug_aranges
                0x00000790       0x40 obj_satan/common/action_tapping.o
 .debug_aranges
                0x000007d0       0x20 obj_satan/common/action_macro.o
 .debug_aranges
                0x000007f0       0xa0 obj_satan/common/action_layer.o
 .debug_aranges
                0x00000890       0xb0 obj_satan/common/action_util.o
 .debug_aranges
                0x00000940       0x38 obj_satan/common/keymap.o
 .debug_aranges
                0x00000978       0x18 obj_satan/common/print.o
 .debug_aranges
                0x00000990       0x18 obj_satan/common/debug.o
 .debug_aranges
                0x000009a8       0x60 obj_satan/common/util.o
 .debug_aranges
                0x00000a08       0x50 obj_satan/common/avr/suspend.o
 .debug_aranges
                0x00000a58       0x50 obj_satan/common/avr/timer.o
 .debug_aranges
                0x00000aa8       0x28 obj_satan/common/avr/bootloader.o
 .debug_aranges
                0x00000ad0       0x30 obj_satan/common/bootmagic.o
 .debug_aranges
                0x00000b00       0x78 obj_satan/common/avr/eeconfig.o
 .debug_aranges
                0x00000b78       0x50 obj_satan/common/mousekey.o
 .debug_aranges
                0x00000bc8       0x50 obj_satan/common/command.o
 .debug_aranges
                0x00000c18       0x48 obj_satan/common/backlight.o
 .debug_aranges
                0x00000c60       0x20 d:/applications/keyboard/avr-gcc-4.7.2-mingw32/bin/../lib/gcc/avr/4.7.2/avr5\libgcc.a(_udivmodqi4.o)
 .debug_aranges
                0x00000c80       0x20 d:/applications/keyboard/avr-gcc-4.7.2-mingw32/bin/../lib/gcc/avr/4.7.2/avr5\libgcc.a(_udivmodhi4.o)
 .debug_aranges
                0x00000ca0       0x20 d:/applications/keyboard/avr-gcc-4.7.2-mingw32/bin/../lib/gcc/avr/4.7.2/avr5\libgcc.a(_divmodhi4.o)
 .debug_aranges
                0x00000cc0       0x20 d:/applications/keyboard/avr-gcc-4.7.2-mingw32/bin/../lib/gcc/avr/4.7.2/avr5\libgcc.a(_exit.o)
 .debug_aranges
                0x00000ce0       0x20 d:/applications/keyboard/avr-gcc-4.7.2-mingw32/bin/../lib/gcc/avr/4.7.2/avr5\libgcc.a(_copy_data.o)
 .debug_aranges
                0x00000d00       0x20 d:/applications/keyboard/avr-gcc-4.7.2-mingw32/bin/../lib/gcc/avr/4.7.2/avr5\libgcc.a(_clear_bss.o)

.debug_pubnames
 *(.debug_pubnames)

.debug_info     0x00000000    0x12678
 *(.debug_info)
 .debug_info    0x00000000      0xd4b obj_satan/keymaps/keymap_tiny.o
 .debug_info    0x00000d4b      0x230 obj_satan/satan.o
 .debug_info    0x00000f7b       0x91 obj_satan/led.o
 .debug_info    0x0000100c      0x272 obj_satan/backlight.o
 .debug_info    0x0000127e      0x3ea obj_satan/light_ws2812.o
 .debug_info    0x00001668      0xffc obj_satan/rgblight.o
 .debug_info    0x00002664     0x12be obj_satan/quantum/keymap_common.o
 .debug_info    0x00003922      0x645 obj_satan/quantum/matrix.o
 .debug_info    0x00003f67     0x1458 obj_satan/protocol/lufa/lufa.o
 .debug_info    0x000053bf      0x820 obj_satan/protocol/lufa/descriptor.o
 .debug_info    0x00005bdf      0x73a obj_satan/protocol/lufa/LUFA-git/LUFA/Drivers/USB/Class/Common/HIDParser.o
 .debug_info    0x00006319       0xd2 obj_satan/protocol/lufa/LUFA-git/LUFA/Drivers/USB/Core/AVR8/Device_AVR8.o
 .debug_info    0x000063eb     0x17bb obj_satan/protocol/lufa/LUFA-git/LUFA/Drivers/USB/Core/AVR8/EndpointStream_AVR8.o
 .debug_info    0x00007ba6      0x61b obj_satan/protocol/lufa/LUFA-git/LUFA/Drivers/USB/Core/AVR8/Endpoint_AVR8.o
 .debug_info    0x000081c1       0x56 obj_satan/protocol/lufa/LUFA-git/LUFA/Drivers/USB/Core/AVR8/Host_AVR8.o
 .debug_info    0x00008217       0x56 obj_satan/protocol/lufa/LUFA-git/LUFA/Drivers/USB/Core/AVR8/PipeStream_AVR8.o
 .debug_info    0x0000826d       0x56 obj_satan/protocol/lufa/LUFA-git/LUFA/Drivers/USB/Core/AVR8/Pipe_AVR8.o
 .debug_info    0x000082c3      0x4cb obj_satan/protocol/lufa/LUFA-git/LUFA/Drivers/USB/Core/AVR8/USBController_AVR8.o
 .debug_info    0x0000878e      0x7ca obj_satan/protocol/lufa/LUFA-git/LUFA/Drivers/USB/Core/AVR8/USBInterrupt_AVR8.o
 .debug_info    0x00008f58      0x3cd obj_satan/protocol/lufa/LUFA-git/LUFA/Drivers/USB/Core/ConfigDescriptors.o
 .debug_info    0x00009325      0xa54 obj_satan/protocol/lufa/LUFA-git/LUFA/Drivers/USB/Core/DeviceStandardReq.o
 .debug_info    0x00009d79       0x78 obj_satan/protocol/lufa/LUFA-git/LUFA/Drivers/USB/Core/Events.o
 .debug_info    0x00009df1       0x56 obj_satan/protocol/lufa/LUFA-git/LUFA/Drivers/USB/Core/HostStandardReq.o
 .debug_info    0x00009e47      0x26d obj_satan/protocol/lufa/LUFA-git/LUFA/Drivers/USB/Core/USBTask.o
 .debug_info    0x0000a0b4      0x4bb obj_satan/common/host.o
 .debug_info    0x0000a56f      0x4de obj_satan/common/keyboard.o
 .debug_info    0x0000aa4d     0x1656 obj_satan/common/action.o
 .debug_info    0x0000c0a3      0xde5 obj_satan/common/action_tapping.o
 .debug_info    0x0000ce88      0x82b obj_satan/common/action_macro.o
 .debug_info    0x0000d6b3      0x76b obj_satan/common/action_layer.o
 .debug_info    0x0000de1e      0x606 obj_satan/common/action_util.o
 .debug_info    0x0000e424      0xe81 obj_satan/common/keymap.o
 .debug_info    0x0000f2a5       0x56 obj_satan/common/print.o
 .debug_info    0x0000f2fb       0xfc obj_satan/common/debug.o
 .debug_info    0x0000f3f7      0x29b obj_satan/common/util.o
 .debug_info    0x0000f692      0x296 obj_satan/common/avr/suspend.o
 .debug_info    0x0000f928      0x208 obj_satan/common/avr/timer.o
 .debug_info    0x0000fb30      0x1a0 obj_satan/common/avr/bootloader.o
 .debug_info    0x0000fcd0      0xb8e obj_satan/common/bootmagic.o
 .debug_info    0x0001085e      0x466 obj_satan/common/avr/eeconfig.o
 .debug_info    0x00010cc4      0x646 obj_satan/common/mousekey.o
 .debug_info    0x0001130a      0xd36 obj_satan/common/command.o
 .debug_info    0x00012040      0x254 obj_satan/common/backlight.o
 .debug_info    0x00012294       0xa6 d:/applications/keyboard/avr-gcc-4.7.2-mingw32/bin/../lib/gcc/avr/4.7.2/avr5\libgcc.a(_udivmodqi4.o)
 .debug_info    0x0001233a       0xa6 d:/applications/keyboard/avr-gcc-4.7.2-mingw32/bin/../lib/gcc/avr/4.7.2/avr5\libgcc.a(_udivmodhi4.o)
 .debug_info    0x000123e0       0xa6 d:/applications/keyboard/avr-gcc-4.7.2-mingw32/bin/../lib/gcc/avr/4.7.2/avr5\libgcc.a(_divmodhi4.o)
 .debug_info    0x00012486       0xa6 d:/applications/keyboard/avr-gcc-4.7.2-mingw32/bin/../lib/gcc/avr/4.7.2/avr5\libgcc.a(_exit.o)
 .debug_info    0x0001252c       0xa6 d:/applications/keyboard/avr-gcc-4.7.2-mingw32/bin/../lib/gcc/avr/4.7.2/avr5\libgcc.a(_copy_data.o)
 .debug_info    0x000125d2       0xa6 d:/applications/keyboard/avr-gcc-4.7.2-mingw32/bin/../lib/gcc/avr/4.7.2/avr5\libgcc.a(_clear_bss.o)
 *(.gnu.linkonce.wi.*)

.debug_abbrev   0x00000000     0x47f7
 *(.debug_abbrev)
 .debug_abbrev  0x00000000      0x1f5 obj_satan/keymaps/keymap_tiny.o
 .debug_abbrev  0x000001f5      0x124 obj_satan/satan.o
 .debug_abbrev  0x00000319       0x60 obj_satan/led.o
 .debug_abbrev  0x00000379      0x10f obj_satan/backlight.o
 .debug_abbrev  0x00000488      0x170 obj_satan/light_ws2812.o
 .debug_abbrev  0x000005f8      0x3b7 obj_satan/rgblight.o
 .debug_abbrev  0x000009af      0x320 obj_satan/quantum/keymap_common.o
 .debug_abbrev  0x00000ccf      0x270 obj_satan/quantum/matrix.o
 .debug_abbrev  0x00000f3f      0x49c obj_satan/protocol/lufa/lufa.o
 .debug_abbrev  0x000013db      0x177 obj_satan/protocol/lufa/descriptor.o
 .debug_abbrev  0x00001552      0x22b obj_satan/protocol/lufa/LUFA-git/LUFA/Drivers/USB/Class/Common/HIDParser.o
 .debug_abbrev  0x0000177d       0x80 obj_satan/protocol/lufa/LUFA-git/LUFA/Drivers/USB/Core/AVR8/Device_AVR8.o
 .debug_abbrev  0x000017fd      0x21a obj_satan/protocol/lufa/LUFA-git/LUFA/Drivers/USB/Core/AVR8/EndpointStream_AVR8.o
 .debug_abbrev  0x00001a17      0x222 obj_satan/protocol/lufa/LUFA-git/LUFA/Drivers/USB/Core/AVR8/Endpoint_AVR8.o
 .debug_abbrev  0x00001c39       0x26 obj_satan/protocol/lufa/LUFA-git/LUFA/Drivers/USB/Core/AVR8/Host_AVR8.o
 .debug_abbrev  0x00001c5f       0x26 obj_satan/protocol/lufa/LUFA-git/LUFA/Drivers/USB/Core/AVR8/PipeStream_AVR8.o
 .debug_abbrev  0x00001c85       0x26 obj_satan/protocol/lufa/LUFA-git/LUFA/Drivers/USB/Core/AVR8/Pipe_AVR8.o
 .debug_abbrev  0x00001cab      0x196 obj_satan/protocol/lufa/LUFA-git/LUFA/Drivers/USB/Core/AVR8/USBController_AVR8.o
 .debug_abbrev  0x00001e41      0x22f obj_satan/protocol/lufa/LUFA-git/LUFA/Drivers/USB/Core/AVR8/USBInterrupt_AVR8.o
 .debug_abbrev  0x00002070      0x183 obj_satan/protocol/lufa/LUFA-git/LUFA/Drivers/USB/Core/ConfigDescriptors.o
 .debug_abbrev  0x000021f3      0x2c7 obj_satan/protocol/lufa/LUFA-git/LUFA/Drivers/USB/Core/DeviceStandardReq.o
 .debug_abbrev  0x000024ba       0x44 obj_satan/protocol/lufa/LUFA-git/LUFA/Drivers/USB/Core/Events.o
 .debug_abbrev  0x000024fe       0x26 obj_satan/protocol/lufa/LUFA-git/LUFA/Drivers/USB/Core/HostStandardReq.o
 .debug_abbrev  0x00002524      0x16a obj_satan/protocol/lufa/LUFA-git/LUFA/Drivers/USB/Core/USBTask.o
 .debug_abbrev  0x0000268e      0x194 obj_satan/common/host.o
 .debug_abbrev  0x00002822      0x206 obj_satan/common/keyboard.o
 .debug_abbrev  0x00002a28      0x2dd obj_satan/common/action.o
 .debug_abbrev  0x00002d05      0x2e5 obj_satan/common/action_tapping.o
 .debug_abbrev  0x00002fea      0x177 obj_satan/common/action_macro.o
 .debug_abbrev  0x00003161      0x1eb obj_satan/common/action_layer.o
 .debug_abbrev  0x0000334c      0x2a2 obj_satan/common/action_util.o
 .debug_abbrev  0x000035ee      0x2b8 obj_satan/common/keymap.o
 .debug_abbrev  0x000038a6       0x26 obj_satan/common/print.o
 .debug_abbrev  0x000038cc       0x87 obj_satan/common/debug.o
 .debug_abbrev  0x00003953       0xcb obj_satan/common/util.o
 .debug_abbrev  0x00003a1e      0x1b6 obj_satan/common/avr/suspend.o
 .debug_abbrev  0x00003bd4      0x11e obj_satan/common/avr/timer.o
 .debug_abbrev  0x00003cf2      0x123 obj_satan/common/avr/bootloader.o
 .debug_abbrev  0x00003e15      0x266 obj_satan/common/bootmagic.o
 .debug_abbrev  0x0000407b       0xef obj_satan/common/avr/eeconfig.o
 .debug_abbrev  0x0000416a      0x1e9 obj_satan/common/mousekey.o
 .debug_abbrev  0x00004353      0x30e obj_satan/common/command.o
 .debug_abbrev  0x00004661      0x11e obj_satan/common/backlight.o
 .debug_abbrev  0x0000477f       0x14 d:/applications/keyboard/avr-gcc-4.7.2-mingw32/bin/../lib/gcc/avr/4.7.2/avr5\libgcc.a(_udivmodqi4.o)
 .debug_abbrev  0x00004793       0x14 d:/applications/keyboard/avr-gcc-4.7.2-mingw32/bin/../lib/gcc/avr/4.7.2/avr5\libgcc.a(_udivmodhi4.o)
 .debug_abbrev  0x000047a7       0x14 d:/applications/keyboard/avr-gcc-4.7.2-mingw32/bin/../lib/gcc/avr/4.7.2/avr5\libgcc.a(_divmodhi4.o)
 .debug_abbrev  0x000047bb       0x14 d:/applications/keyboard/avr-gcc-4.7.2-mingw32/bin/../lib/gcc/avr/4.7.2/avr5\libgcc.a(_exit.o)
 .debug_abbrev  0x000047cf       0x14 d:/applications/keyboard/avr-gcc-4.7.2-mingw32/bin/../lib/gcc/avr/4.7.2/avr5\libgcc.a(_copy_data.o)
 .debug_abbrev  0x000047e3       0x14 d:/applications/keyboard/avr-gcc-4.7.2-mingw32/bin/../lib/gcc/avr/4.7.2/avr5\libgcc.a(_clear_bss.o)

.debug_line     0x00000000     0x6f73
 *(.debug_line)
 .debug_line    0x00000000      0x1f1 obj_satan/keymaps/keymap_tiny.o
 .debug_line    0x000001f1      0x14e obj_satan/satan.o
 .debug_line    0x0000033f       0xa5 obj_satan/led.o
 .debug_line    0x000003e4      0x13f obj_satan/backlight.o
 .debug_line    0x00000523      0x190 obj_satan/light_ws2812.o
 .debug_line    0x000006b3      0x56c obj_satan/rgblight.o
 .debug_line    0x00000c1f      0x330 obj_satan/quantum/keymap_common.o
 .debug_line    0x00000f4f      0x2c7 obj_satan/quantum/matrix.o
 .debug_line    0x00001216      0x806 obj_satan/protocol/lufa/lufa.o
 .debug_line    0x00001a1c      0x261 obj_satan/protocol/lufa/descriptor.o
 .debug_line    0x00001c7d      0x29d obj_satan/protocol/lufa/LUFA-git/LUFA/Drivers/USB/Class/Common/HIDParser.o
 .debug_line    0x00001f1a      0x176 obj_satan/protocol/lufa/LUFA-git/LUFA/Drivers/USB/Core/AVR8/Device_AVR8.o
 .debug_line    0x00002090      0xd88 obj_satan/protocol/lufa/LUFA-git/LUFA/Drivers/USB/Core/AVR8/EndpointStream_AVR8.o
 .debug_line    0x00002e18      0x439 obj_satan/protocol/lufa/LUFA-git/LUFA/Drivers/USB/Core/AVR8/Endpoint_AVR8.o
 .debug_line    0x00003251       0x1d obj_satan/protocol/lufa/LUFA-git/LUFA/Drivers/USB/Core/AVR8/Host_AVR8.o
 .debug_line    0x0000326e       0x1d obj_satan/protocol/lufa/LUFA-git/LUFA/Drivers/USB/Core/AVR8/PipeStream_AVR8.o
 .debug_line    0x0000328b       0x1d obj_satan/protocol/lufa/LUFA-git/LUFA/Drivers/USB/Core/AVR8/Pipe_AVR8.o
 .debug_line    0x000032a8      0x340 obj_satan/protocol/lufa/LUFA-git/LUFA/Drivers/USB/Core/AVR8/USBController_AVR8.o
 .debug_line    0x000035e8      0x519 obj_satan/protocol/lufa/LUFA-git/LUFA/Drivers/USB/Core/AVR8/USBInterrupt_AVR8.o
 .debug_line    0x00003b01      0x1d8 obj_satan/protocol/lufa/LUFA-git/LUFA/Drivers/USB/Core/ConfigDescriptors.o
 .debug_line    0x00003cd9      0x3c5 obj_satan/protocol/lufa/LUFA-git/LUFA/Drivers/USB/Core/DeviceStandardReq.o
 .debug_line    0x0000409e       0x74 obj_satan/protocol/lufa/LUFA-git/LUFA/Drivers/USB/Core/Events.o
 .debug_line    0x00004112       0x1d obj_satan/protocol/lufa/LUFA-git/LUFA/Drivers/USB/Core/HostStandardReq.o
 .debug_line    0x0000412f      0x1e1 obj_satan/protocol/lufa/LUFA-git/LUFA/Drivers/USB/Core/USBTask.o
 .debug_line    0x00004310      0x1b9 obj_satan/common/host.o
 .debug_line    0x000044c9      0x208 obj_satan/common/keyboard.o
 .debug_line    0x000046d1      0x4c8 obj_satan/common/action.o
 .debug_line    0x00004b99      0x2cb obj_satan/common/action_tapping.o
 .debug_line    0x00004e64      0x1ef obj_satan/common/action_macro.o
 .debug_line    0x00005053      0x209 obj_satan/common/action_layer.o
 .debug_line    0x0000525c      0x2cb obj_satan/common/action_util.o
 .debug_line    0x00005527      0x2b1 obj_satan/common/keymap.o
 .debug_line    0x000057d8       0x1d obj_satan/common/print.o
 .debug_line    0x000057f5       0xb5 obj_satan/common/debug.o
 .debug_line    0x000058aa      0x1ca obj_satan/common/util.o
 .debug_line    0x00005a74      0x221 obj_satan/common/avr/suspend.o
 .debug_line    0x00005c95      0x15e obj_satan/common/avr/timer.o
 .debug_line    0x00005df3      0x201 obj_satan/common/avr/bootloader.o
 .debug_line    0x00005ff4      0x2a4 obj_satan/common/bootmagic.o
 .debug_line    0x00006298      0x1e5 obj_satan/common/avr/eeconfig.o
 .debug_line    0x0000647d      0x34d obj_satan/common/mousekey.o
 .debug_line    0x000067ca      0x33c obj_satan/common/command.o
 .debug_line    0x00006b06      0x15b obj_satan/common/backlight.o
 .debug_line    0x00006c61       0x83 d:/applications/keyboard/avr-gcc-4.7.2-mingw32/bin/../lib/gcc/avr/4.7.2/avr5\libgcc.a(_udivmodqi4.o)
 .debug_line    0x00006ce4       0x8b d:/applications/keyboard/avr-gcc-4.7.2-mingw32/bin/../lib/gcc/avr/4.7.2/avr5\libgcc.a(_udivmodhi4.o)
 .debug_line    0x00006d6f       0x8a d:/applications/keyboard/avr-gcc-4.7.2-mingw32/bin/../lib/gcc/avr/4.7.2/avr5\libgcc.a(_divmodhi4.o)
 .debug_line    0x00006df9       0x79 d:/applications/keyboard/avr-gcc-4.7.2-mingw32/bin/../lib/gcc/avr/4.7.2/avr5\libgcc.a(_exit.o)
 .debug_line    0x00006e72       0x82 d:/applications/keyboard/avr-gcc-4.7.2-mingw32/bin/../lib/gcc/avr/4.7.2/avr5\libgcc.a(_copy_data.o)
 .debug_line    0x00006ef4       0x7f d:/applications/keyboard/avr-gcc-4.7.2-mingw32/bin/../lib/gcc/avr/4.7.2/avr5\libgcc.a(_clear_bss.o)

.debug_frame    0x00000000     0x204c
 *(.debug_frame)
 .debug_frame   0x00000000       0x40 obj_satan/keymaps/keymap_tiny.o
 .debug_frame   0x00000040       0x54 obj_satan/satan.o
 .debug_frame   0x00000094       0x24 obj_satan/led.o
 .debug_frame   0x000000b8       0xe8 obj_satan/backlight.o
 .debug_frame   0x000001a0       0x64 obj_satan/light_ws2812.o
 .debug_frame   0x00000204      0x3d8 obj_satan/rgblight.o
 .debug_frame   0x000005dc       0x84 obj_satan/quantum/keymap_common.o
 .debug_frame   0x00000660      0x208 obj_satan/quantum/matrix.o
 .debug_frame   0x00000868      0x138 obj_satan/protocol/lufa/lufa.o
 .debug_frame   0x000009a0       0x24 obj_satan/protocol/lufa/descriptor.o
 .debug_frame   0x000009c4      0x134 obj_satan/protocol/lufa/LUFA-git/LUFA/Drivers/USB/Class/Common/HIDParser.o
 .debug_frame   0x00000af8       0x24 obj_satan/protocol/lufa/LUFA-git/LUFA/Drivers/USB/Core/AVR8/Device_AVR8.o
 .debug_frame   0x00000b1c      0x4a4 obj_satan/protocol/lufa/LUFA-git/LUFA/Drivers/USB/Core/AVR8/EndpointStream_AVR8.o
 .debug_frame   0x00000fc0       0x7c obj_satan/protocol/lufa/LUFA-git/LUFA/Drivers/USB/Core/AVR8/Endpoint_AVR8.o
 .debug_frame   0x0000103c       0x5c obj_satan/protocol/lufa/LUFA-git/LUFA/Drivers/USB/Core/AVR8/USBController_AVR8.o
 .debug_frame   0x00001098      0x104 obj_satan/protocol/lufa/LUFA-git/LUFA/Drivers/USB/Core/AVR8/USBInterrupt_AVR8.o
 .debug_frame   0x0000119c      0x124 obj_satan/protocol/lufa/LUFA-git/LUFA/Drivers/USB/Core/ConfigDescriptors.o
 .debug_frame   0x000012c0       0x3c obj_satan/protocol/lufa/LUFA-git/LUFA/Drivers/USB/Core/DeviceStandardReq.o
 .debug_frame   0x000012fc       0x24 obj_satan/protocol/lufa/LUFA-git/LUFA/Drivers/USB/Core/Events.o
 .debug_frame   0x00001320       0x2c obj_satan/protocol/lufa/LUFA-git/LUFA/Drivers/USB/Core/USBTask.o
 .debug_frame   0x0000134c       0xa4 obj_satan/common/host.o
 .debug_frame   0x000013f0       0xc4 obj_satan/common/keyboard.o
 .debug_frame   0x000014b4      0x154 obj_satan/common/action.o
 .debug_frame   0x00001608       0xd4 obj_satan/common/action_tapping.o
 .debug_frame   0x000016dc       0x50 obj_satan/common/action_macro.o
 .debug_frame   0x0000172c      0x19c obj_satan/common/action_layer.o
 .debug_frame   0x000018c8      0x150 obj_satan/common/action_util.o
 .debug_frame   0x00001a18       0x60 obj_satan/common/keymap.o
 .debug_frame   0x00001a78      0x110 obj_satan/common/util.o
 .debug_frame   0x00001b88       0xb0 obj_satan/common/avr/suspend.o
 .debug_frame   0x00001c38       0xfc obj_satan/common/avr/timer.o
 .debug_frame   0x00001d34       0x34 obj_satan/common/avr/bootloader.o
 .debug_frame   0x00001d68       0x84 obj_satan/common/bootmagic.o
 .debug_frame   0x00001dec       0xd4 obj_satan/common/avr/eeconfig.o
 .debug_frame   0x00001ec0       0x8c obj_satan/common/mousekey.o
 .debug_frame   0x00001f4c       0x8c obj_satan/common/command.o
 .debug_frame   0x00001fd8       0x74 obj_satan/common/backlight.o

.debug_str      0x00000000     0x49af
 *(.debug_str)
 .debug_str     0x00000000      0xe3e obj_satan/keymaps/keymap_tiny.o
                                0xe8f (size before relaxing)
 .debug_str     0x00000e3e       0x63 obj_satan/satan.o
                                0x1d8 (size before relaxing)
 .debug_str     0x00000ea1       0x16 obj_satan/led.o
                                 0xc4 (size before relaxing)
 .debug_str     0x00000eb7       0x9a obj_satan/backlight.o
                                0x18d (size before relaxing)
 .debug_str     0x00000f51      0x107 obj_satan/light_ws2812.o
                                0x1c9 (size before relaxing)
 .debug_str     0x00001058      0x3a4 obj_satan/rgblight.o
                                0x5cf (size before relaxing)
 .debug_str     0x000013fc      0x1bc obj_satan/quantum/keymap_common.o
                                0xf61 (size before relaxing)
 .debug_str     0x000015b8       0xf1 obj_satan/quantum/matrix.o
                                0x25b (size before relaxing)
 .debug_str     0x000016a9      0x7cc obj_satan/protocol/lufa/lufa.o
                                0x99e (size before relaxing)
 .debug_str     0x00001e75      0x7c5 obj_satan/protocol/lufa/descriptor.o
                                0x907 (size before relaxing)
 .debug_str     0x0000263a      0x4b4 obj_satan/protocol/lufa/LUFA-git/LUFA/Drivers/USB/Class/Common/HIDParser.o
                                0x618 (size before relaxing)
 .debug_str     0x00002aee       0x7b obj_satan/protocol/lufa/LUFA-git/LUFA/Drivers/USB/Core/AVR8/Device_AVR8.o
                                0x154 (size before relaxing)